Archive member included to satisfy reference by file (symbol)

c:/program files (x86)/atollic/truestudio for stm32 9.3.0/armtools/bin/../lib/gcc/arm-atollic-eabi/6.3.1/../../../../arm-atollic-eabi/lib/armv7e-m/fpu\libc_nano.a(lib_a-errno.o)
                              Src\syscalls.o (__errno)
c:/program files (x86)/atollic/truestudio for stm32 9.3.0/armtools/bin/../lib/gcc/arm-atollic-eabi/6.3.1/../../../../arm-atollic-eabi/lib/armv7e-m/fpu\libc_nano.a(lib_a-impure.o)
                              c:/program files (x86)/atollic/truestudio for stm32 9.3.0/armtools/bin/../lib/gcc/arm-atollic-eabi/6.3.1/../../../../arm-atollic-eabi/lib/armv7e-m/fpu\libc_nano.a(lib_a-errno.o) (_impure_ptr)
c:/program files (x86)/atollic/truestudio for stm32 9.3.0/armtools/bin/../lib/gcc/arm-atollic-eabi/6.3.1/../../../../arm-atollic-eabi/lib/armv7e-m/fpu\libc_nano.a(lib_a-init.o)
                              startup\startup_stm32f407xx.o (__libc_init_array)
c:/program files (x86)/atollic/truestudio for stm32 9.3.0/armtools/bin/../lib/gcc/arm-atollic-eabi/6.3.1/../../../../arm-atollic-eabi/lib/armv7e-m/fpu\libc_nano.a(lib_a-malloc.o)
                              Middlewares\ST\STM32_USB_Host_Library\Class\CDC\Src\usbh_cdc.o (malloc)
c:/program files (x86)/atollic/truestudio for stm32 9.3.0/armtools/bin/../lib/gcc/arm-atollic-eabi/6.3.1/../../../../arm-atollic-eabi/lib/armv7e-m/fpu\libc_nano.a(lib_a-memset.o)
                              Src\main.o (memset)
c:/program files (x86)/atollic/truestudio for stm32 9.3.0/armtools/bin/../lib/gcc/arm-atollic-eabi/6.3.1/../../../../arm-atollic-eabi/lib/armv7e-m/fpu\libc_nano.a(lib_a-nano-freer.o)
                              c:/program files (x86)/atollic/truestudio for stm32 9.3.0/armtools/bin/../lib/gcc/arm-atollic-eabi/6.3.1/../../../../arm-atollic-eabi/lib/armv7e-m/fpu\libc_nano.a(lib_a-malloc.o) (_free_r)
c:/program files (x86)/atollic/truestudio for stm32 9.3.0/armtools/bin/../lib/gcc/arm-atollic-eabi/6.3.1/../../../../arm-atollic-eabi/lib/armv7e-m/fpu\libc_nano.a(lib_a-nano-mallocr.o)
                              c:/program files (x86)/atollic/truestudio for stm32 9.3.0/armtools/bin/../lib/gcc/arm-atollic-eabi/6.3.1/../../../../arm-atollic-eabi/lib/armv7e-m/fpu\libc_nano.a(lib_a-malloc.o) (_malloc_r)
c:/program files (x86)/atollic/truestudio for stm32 9.3.0/armtools/bin/../lib/gcc/arm-atollic-eabi/6.3.1/../../../../arm-atollic-eabi/lib/armv7e-m/fpu\libc_nano.a(lib_a-sbrkr.o)
                              c:/program files (x86)/atollic/truestudio for stm32 9.3.0/armtools/bin/../lib/gcc/arm-atollic-eabi/6.3.1/../../../../arm-atollic-eabi/lib/armv7e-m/fpu\libc_nano.a(lib_a-nano-mallocr.o) (_sbrk_r)
c:/program files (x86)/atollic/truestudio for stm32 9.3.0/armtools/bin/../lib/gcc/arm-atollic-eabi/6.3.1/../../../../arm-atollic-eabi/lib/armv7e-m/fpu\libc_nano.a(lib_a-sprintf.o)
                              Src\main.o (sprintf)
c:/program files (x86)/atollic/truestudio for stm32 9.3.0/armtools/bin/../lib/gcc/arm-atollic-eabi/6.3.1/../../../../arm-atollic-eabi/lib/armv7e-m/fpu\libc_nano.a(lib_a-strcpy.o)
                              Src\main.o (strcpy)
c:/program files (x86)/atollic/truestudio for stm32 9.3.0/armtools/bin/../lib/gcc/arm-atollic-eabi/6.3.1/../../../../arm-atollic-eabi/lib/armv7e-m/fpu\libc_nano.a(lib_a-strlen.o)
                              Src\main.o (strlen)
c:/program files (x86)/atollic/truestudio for stm32 9.3.0/armtools/bin/../lib/gcc/arm-atollic-eabi/6.3.1/../../../../arm-atollic-eabi/lib/armv7e-m/fpu\libc_nano.a(lib_a-mlock.o)
                              c:/program files (x86)/atollic/truestudio for stm32 9.3.0/armtools/bin/../lib/gcc/arm-atollic-eabi/6.3.1/../../../../arm-atollic-eabi/lib/armv7e-m/fpu\libc_nano.a(lib_a-nano-freer.o) (__malloc_lock)
c:/program files (x86)/atollic/truestudio for stm32 9.3.0/armtools/bin/../lib/gcc/arm-atollic-eabi/6.3.1/../../../../arm-atollic-eabi/lib/armv7e-m/fpu\libc_nano.a(lib_a-nano-svfprintf.o)
                              c:/program files (x86)/atollic/truestudio for stm32 9.3.0/armtools/bin/../lib/gcc/arm-atollic-eabi/6.3.1/../../../../arm-atollic-eabi/lib/armv7e-m/fpu\libc_nano.a(lib_a-sprintf.o) (_svfprintf_r)
c:/program files (x86)/atollic/truestudio for stm32 9.3.0/armtools/bin/../lib/gcc/arm-atollic-eabi/6.3.1/../../../../arm-atollic-eabi/lib/armv7e-m/fpu\libc_nano.a(lib_a-nano-vfprintf_i.o)
                              c:/program files (x86)/atollic/truestudio for stm32 9.3.0/armtools/bin/../lib/gcc/arm-atollic-eabi/6.3.1/../../../../arm-atollic-eabi/lib/armv7e-m/fpu\libc_nano.a(lib_a-nano-svfprintf.o) (_printf_i)
c:/program files (x86)/atollic/truestudio for stm32 9.3.0/armtools/bin/../lib/gcc/arm-atollic-eabi/6.3.1/../../../../arm-atollic-eabi/lib/armv7e-m/fpu\libc_nano.a(lib_a-reent.o)
                              c:/program files (x86)/atollic/truestudio for stm32 9.3.0/armtools/bin/../lib/gcc/arm-atollic-eabi/6.3.1/../../../../arm-atollic-eabi/lib/armv7e-m/fpu\libc_nano.a(lib_a-sbrkr.o) (errno)
[...]
Memory Configuration

Name             Origin             Length             Attributes
FLASH            0x08000000         0x00100000         xr
RAM              0x20000000         0x00020000         xrw
MEMORY_B1        0x60000000         0x00000000         xr
CCMRAM           0x10000000         0x00010000         rw
*default*        0x00000000         0xffffffff

Linker script and memory map

LOAD c:/program files (x86)/atollic/truestudio for stm32 9.3.0/armtools/bin/../lib/gcc/arm-atollic-eabi/6.3.1/armv7e-m/fpu/crti.o
LOAD c:/program files (x86)/atollic/truestudio for stm32 9.3.0/armtools/bin/../lib/gcc/arm-atollic-eabi/6.3.1/armv7e-m/fpu/crtbegin.o
LOAD Drivers\STM32F4xx_HAL_Driver\Src\stm32f4xx_hal.o
LOAD Drivers\STM32F4xx_HAL_Driver\Src\stm32f4xx_hal_cortex.o
LOAD Drivers\STM32F4xx_HAL_Driver\Src\stm32f4xx_hal_dma.o
LOAD Drivers\STM32F4xx_HAL_Driver\Src\stm32f4xx_hal_dma_ex.o
LOAD Drivers\STM32F4xx_HAL_Driver\Src\stm32f4xx_hal_exti.o
LOAD Drivers\STM32F4xx_HAL_Driver\Src\stm32f4xx_hal_flash.o
LOAD Drivers\STM32F4xx_HAL_Driver\Src\stm32f4xx_hal_flash_ex.o
LOAD Drivers\STM32F4xx_HAL_Driver\Src\stm32f4xx_hal_flash_ramfunc.o
LOAD Drivers\STM32F4xx_HAL_Driver\Src\stm32f4xx_hal_gpio.o
LOAD Drivers\STM32F4xx_HAL_Driver\Src\stm32f4xx_hal_hcd.o
LOAD Drivers\STM32F4xx_HAL_Driver\Src\stm32f4xx_hal_i2c.o
LOAD Drivers\STM32F4xx_HAL_Driver\Src\stm32f4xx_hal_i2c_ex.o
LOAD Drivers\STM32F4xx_HAL_Driver\Src\stm32f4xx_hal_i2s.o
LOAD Drivers\STM32F4xx_HAL_Driver\Src\stm32f4xx_hal_i2s_ex.o
LOAD Drivers\STM32F4xx_HAL_Driver\Src\stm32f4xx_hal_pwr.o
LOAD Drivers\STM32F4xx_HAL_Driver\Src\stm32f4xx_hal_pwr_ex.o
LOAD Drivers\STM32F4xx_HAL_Driver\Src\stm32f4xx_hal_rcc.o
LOAD Drivers\STM32F4xx_HAL_Driver\Src\stm32f4xx_hal_rcc_ex.o
LOAD Drivers\STM32F4xx_HAL_Driver\Src\stm32f4xx_hal_spi.o
LOAD Drivers\STM32F4xx_HAL_Driver\Src\stm32f4xx_hal_tim.o
LOAD Drivers\STM32F4xx_HAL_Driver\Src\stm32f4xx_hal_tim_ex.o
LOAD Drivers\STM32F4xx_HAL_Driver\Src\stm32f4xx_hal_uart.o
LOAD Drivers\STM32F4xx_HAL_Driver\Src\stm32f4xx_ll_usb.o
LOAD Middlewares\ST\STM32_USB_Host_Library\Class\CDC\Src\usbh_cdc.o
LOAD Middlewares\ST\STM32_USB_Host_Library\Core\Src\usbh_core.o
LOAD Middlewares\ST\STM32_USB_Host_Library\Core\Src\usbh_ctlreq.o
LOAD Middlewares\ST\STM32_USB_Host_Library\Core\Src\usbh_ioreq.o
LOAD Middlewares\ST\STM32_USB_Host_Library\Core\Src\usbh_pipes.o
LOAD Src\main.o
LOAD Src\stm32f4xx_hal_msp.o
LOAD Src\stm32f4xx_it.o
LOAD Src\syscalls.o
LOAD Src\system_stm32f4xx.o
LOAD Src\usb_host.o
LOAD Src\usbh_conf.o
LOAD Src\usbh_platform.o
LOAD startup\startup_stm32f407xx.o
                0x00000080                malloc_getpagesize_P = 0x80
START GROUP
LOAD c:/program files (x86)/atollic/truestudio for stm32 9.3.0/armtools/bin/../lib/gcc/arm-atollic-eabi/6.3.1/../../../../arm-atollic-eabi/lib/armv7e-m/fpu\libc_nano.a
LOAD c:/program files (x86)/atollic/truestudio for stm32 9.3.0/armtools/bin/../lib/gcc/arm-atollic-eabi/6.3.1/../../../../arm-atollic-eabi/lib/armv7e-m/fpu\libm.a
END GROUP
START GROUP
LOAD c:/program files (x86)/atollic/truestudio for stm32 9.3.0/armtools/bin/../lib/gcc/arm-atollic-eabi/6.3.1/armv7e-m/fpu\libgcc.a
LOAD c:/program files (x86)/atollic/truestudio for stm32 9.3.0/armtools/bin/../lib/gcc/arm-atollic-eabi/6.3.1/../../../../arm-atollic-eabi/lib/armv7e-m/fpu\libc_nano.a
END GROUP
START GROUP
LOAD c:/program files (x86)/atollic/truestudio for stm32 9.3.0/armtools/bin/../lib/gcc/arm-atollic-eabi/6.3.1/armv7e-m/fpu\libgcc.a
LOAD c:/program files (x86)/atollic/truestudio for stm32 9.3.0/armtools/bin/../lib/gcc/arm-atollic-eabi/6.3.1/../../../../arm-atollic-eabi/lib/armv7e-m/fpu\libc_nano.a
LOAD c:/program files (x86)/atollic/truestudio for stm32 9.3.0/armtools/bin/../lib/gcc/arm-atollic-eabi/6.3.1/../../../../arm-atollic-eabi/lib/armv7e-m/fpu\libnosys.a
END GROUP
START GROUP
LOAD c:/program files (x86)/atollic/truestudio for stm32 9.3.0/armtools/bin/../lib/gcc/arm-atollic-eabi/6.3.1/armv7e-m/fpu\libgcc.a
LOAD c:/program files (x86)/atollic/truestudio for stm32 9.3.0/armtools/bin/../lib/gcc/arm-atollic-eabi/6.3.1/../../../../arm-atollic-eabi/lib/armv7e-m/fpu\libc_nano.a
LOAD c:/program files (x86)/atollic/truestudio for stm32 9.3.0/armtools/bin/../lib/gcc/arm-atollic-eabi/6.3.1/../../../../arm-atollic-eabi/lib/armv7e-m/fpu\libnosys.a
END GROUP
LOAD c:/program files (x86)/atollic/truestudio for stm32 9.3.0/armtools/bin/../lib/gcc/arm-atollic-eabi/6.3.1/armv7e-m/fpu/crtend.o
LOAD c:/program files (x86)/atollic/truestudio for stm32 9.3.0/armtools/bin/../lib/gcc/arm-atollic-eabi/6.3.1/armv7e-m/fpu/crtn.o
                0x20020000                _estack = 0x20020000
                0x00000000                _Min_Heap_Size = 0x0
                0x00000400                _Min_Stack_Size = 0x400

.isr_vector     0x08000000      0x188
                0x08000000                . = ALIGN (0x4)
 *(.isr_vector)
 .isr_vector    0x08000000      0x188 startup\startup_stm32f407xx.o
                0x08000000                g_pfnVectors
                0x08000188                . = ALIGN (0x4)

.text           0x08000190     0x4b40
                0x08000190                . = ALIGN (0x4)
 *(.text)
 .text          0x08000190       0x40 c:/program files (x86)/atollic/truestudio for stm32 9.3.0/armtools/bin/../lib/gcc/arm-atollic-eabi/6.3.1/armv7e-m/fpu/crtbegin.o
 .text          0x080001d0       0x10 c:/program files (x86)/atollic/truestudio for stm32 9.3.0/armtools/bin/../lib/gcc/arm-atollic-eabi/6.3.1/../../../../arm-atollic-eabi/lib/armv7e-m/fpu\libc_nano.a(lib_a-strlen.o)
                0x080001d0                strlen
 .text          0x080001e0       0xa0 c:/program files (x86)/atollic/truestudio for stm32 9.3.0/armtools/bin/../lib/gcc/arm-atollic-eabi/6.3.1/../../../../arm-atollic-eabi/lib/armv7e-m/fpu\libc_nano.a(lib_a-memchr.o)
                0x080001e0                memchr
 .text          0x08000280       0x30 c:/program files (x86)/atollic/truestudio for stm32 9.3.0/armtools/bin/../lib/gcc/arm-atollic-eabi/6.3.1/armv7e-m/fpu\libgcc.a(_aeabi_uldivmod.o)
                0x08000280                __aeabi_uldivmod
 .text          0x080002b0      0x2dc c:/program files (x86)/atollic/truestudio for stm32 9.3.0/armtools/bin/../lib/gcc/arm-atollic-eabi/6.3.1/armv7e-m/fpu\libgcc.a(_udivmoddi4.o)
                0x080002b0                __udivmoddi4
 .text          0x0800058c        0x4 c:/program files (x86)/atollic/truestudio for stm32 9.3.0/armtools/bin/../lib/gcc/arm-atollic-eabi/6.3.1/armv7e-m/fpu\libgcc.a(_dvmd_tls.o)
                0x0800058c                __aeabi_idiv0
                0x0800058c                __aeabi_ldiv0
 *(.text*)
 .text.HAL_InitTick
                0x08000590       0x48 Drivers\STM32F4xx_HAL_Driver\Src\stm32f4xx_hal.o
                0x08000590                HAL_InitTick
 .text.HAL_Init
                0x080005d8       0x34 Drivers\STM32F4xx_HAL_Driver\Src\stm32f4xx_hal.o
                0x080005d8                HAL_Init
 .text.HAL_IncTick
                0x0800060c       0x18 Drivers\STM32F4xx_HAL_Driver\Src\stm32f4xx_hal.o
                0x0800060c                HAL_IncTick
 .text.HAL_GetTick
                0x08000624        0xc Drivers\STM32F4xx_HAL_Driver\Src\stm32f4xx_hal.o
                0x08000624                HAL_GetTick
 .text.HAL_Delay
                0x08000630       0x28 Drivers\STM32F4xx_HAL_Driver\Src\stm32f4xx_hal.o
                0x08000630                HAL_Delay
 .text.HAL_NVIC_SetPriorityGrouping
                0x08000658       0x24 Drivers\STM32F4xx_HAL_Driver\Src\stm32f4xx_hal_cortex.o
                0x08000658                HAL_NVIC_SetPriorityGrouping
 .text.HAL_NVIC_SetPriority
                0x0800067c       0x68 Drivers\STM32F4xx_HAL_Driver\Src\stm32f4xx_hal_cortex.o
                0x0800067c                HAL_NVIC_SetPriority
 .text.HAL_NVIC_EnableIRQ
                0x080006e4       0x1c Drivers\STM32F4xx_HAL_Driver\Src\stm32f4xx_hal_cortex.o
                0x080006e4                HAL_NVIC_EnableIRQ
 .text.HAL_SYSTICK_Config
                0x08000700       0x2c Drivers\STM32F4xx_HAL_Driver\Src\stm32f4xx_hal_cortex.o
                0x08000700                HAL_SYSTICK_Config
 .text.HAL_GPIO_Init
                0x0800072c      0x1c0 Drivers\STM32F4xx_HAL_Driver\Src\stm32f4xx_hal_gpio.o
                0x0800072c                HAL_GPIO_Init
 .text.HAL_GPIO_ReadPin
                0x080008ec        0xc Drivers\STM32F4xx_HAL_Driver\Src\stm32f4xx_hal_gpio.o
                0x080008ec                HAL_GPIO_ReadPin
 .text.HAL_GPIO_WritePin
                0x080008f8        0xa Drivers\STM32F4xx_HAL_Driver\Src\stm32f4xx_hal_gpio.o
                0x080008f8                HAL_GPIO_WritePin
 .text.HAL_GPIO_TogglePin
                0x08000902        0xe Drivers\STM32F4xx_HAL_Driver\Src\stm32f4xx_hal_gpio.o
                0x08000902                HAL_GPIO_TogglePin
 .text.HAL_HCD_HC_Init
                0x08000910       0x70 Drivers\STM32F4xx_HAL_Driver\Src\stm32f4xx_hal_hcd.o
                0x08000910                HAL_HCD_HC_Init
 .text.HAL_HCD_HC_Halt
                0x08000980       0x24 Drivers\STM32F4xx_HAL_Driver\Src\stm32f4xx_hal_hcd.o
                0x08000980                HAL_HCD_HC_Halt
 .text.HAL_HCD_Init
                0x080009a4       0x94 Drivers\STM32F4xx_HAL_Driver\Src\stm32f4xx_hal_hcd.o
                0x080009a4                HAL_HCD_Init
 .text.HAL_HCD_HC_SubmitRequest
                0x08000a38       0xc4 Drivers\STM32F4xx_HAL_Driver\Src\stm32f4xx_hal_hcd.o
                0x08000a38                HAL_HCD_HC_SubmitRequest
 .text.HAL_HCD_IRQHandler
                0x08000afc      0x638 Drivers\STM32F4xx_HAL_Driver\Src\stm32f4xx_hal_hcd.o
                0x08000afc                HAL_HCD_IRQHandler
 .text.HAL_HCD_Start
                0x08001134       0x2c Drivers\STM32F4xx_HAL_Driver\Src\stm32f4xx_hal_hcd.o
                0x08001134                HAL_HCD_Start
 .text.HAL_HCD_Stop
                0x08001160       0x24 Drivers\STM32F4xx_HAL_Driver\Src\stm32f4xx_hal_hcd.o
                0x08001160                HAL_HCD_Stop
 .text.HAL_HCD_ResetPort
                0x08001184        0x6 Drivers\STM32F4xx_HAL_Driver\Src\stm32f4xx_hal_hcd.o
                0x08001184                HAL_HCD_ResetPort
 .text.HAL_HCD_HC_GetURBState
                0x0800118a        0xc Drivers\STM32F4xx_HAL_Driver\Src\stm32f4xx_hal_hcd.o
                0x0800118a                HAL_HCD_HC_GetURBState
 .text.HAL_HCD_HC_GetXferCount
                0x08001196        0xa Drivers\STM32F4xx_HAL_Driver\Src\stm32f4xx_hal_hcd.o
                0x08001196                HAL_HCD_HC_GetXferCount
 .text.HAL_HCD_GetCurrentFrame
                0x080011a0        0x6 Drivers\STM32F4xx_HAL_Driver\Src\stm32f4xx_hal_hcd.o
                0x080011a0                HAL_HCD_GetCurrentFrame
 .text.HAL_HCD_GetCurrentSpeed
                0x080011a6        0x6 Drivers\STM32F4xx_HAL_Driver\Src\stm32f4xx_hal_hcd.o
                0x080011a6                HAL_HCD_GetCurrentSpeed
 .text.HAL_I2C_Init
                0x080011ac      0x158 Drivers\STM32F4xx_HAL_Driver\Src\stm32f4xx_hal_i2c.o
                0x080011ac                HAL_I2C_Init
 .text.HAL_I2S_Init
                0x08001304      0x130 Drivers\STM32F4xx_HAL_Driver\Src\stm32f4xx_hal_i2s.o
                0x08001304                HAL_I2S_Init
 .text.HAL_I2S_TxCpltCallback
                0x08001434        0x2 Drivers\STM32F4xx_HAL_Driver\Src\stm32f4xx_hal_i2s.o
                0x08001434                HAL_I2S_TxCpltCallback
 .text.HAL_I2S_RxCpltCallback
                0x08001436        0x2 Drivers\STM32F4xx_HAL_Driver\Src\stm32f4xx_hal_i2s.o
                0x08001436                HAL_I2S_RxCpltCallback
 .text.HAL_I2S_ErrorCallback
                0x08001438        0x2 Drivers\STM32F4xx_HAL_Driver\Src\stm32f4xx_hal_i2s.o
                0x08001438                HAL_I2S_ErrorCallback
 .text.I2S_IRQHandler
                0x0800143a       0xfa Drivers\STM32F4xx_HAL_Driver\Src\stm32f4xx_hal_i2s.o
 .text.HAL_I2SEx_TxRxCpltCallback
                0x08001534        0x2 Drivers\STM32F4xx_HAL_Driver\Src\stm32f4xx_hal_i2s_ex.o
                0x08001534                HAL_I2SEx_TxRxCpltCallback
 *fill*         0x08001536        0x2 
 .text.HAL_I2SEx_FullDuplex_IRQHandler
                0x08001538      0x23c Drivers\STM32F4xx_HAL_Driver\Src\stm32f4xx_hal_i2s_ex.o
                0x08001538                HAL_I2SEx_FullDuplex_IRQHandler
 .text.HAL_RCC_OscConfig
                0x08001774      0x34c Drivers\STM32F4xx_HAL_Driver\Src\stm32f4xx_hal_rcc.o
                0x08001774                HAL_RCC_OscConfig
 .text.HAL_RCC_GetSysClockFreq
                0x08001ac0       0x5c Drivers\STM32F4xx_HAL_Driver\Src\stm32f4xx_hal_rcc.o
                0x08001ac0                HAL_RCC_GetSysClockFreq
 .text.HAL_RCC_ClockConfig
                0x08001b1c      0x138 Drivers\STM32F4xx_HAL_Driver\Src\stm32f4xx_hal_rcc.o
                0x08001b1c                HAL_RCC_ClockConfig
 .text.HAL_RCC_GetPCLK1Freq
                0x08001c54       0x20 Drivers\STM32F4xx_HAL_Driver\Src\stm32f4xx_hal_rcc.o
                0x08001c54                HAL_RCC_GetPCLK1Freq
 .text.HAL_RCC_GetPCLK2Freq
                0x08001c74       0x20 Drivers\STM32F4xx_HAL_Driver\Src\stm32f4xx_hal_rcc.o
                0x08001c74                HAL_RCC_GetPCLK2Freq
 .text.HAL_RCCEx_PeriphCLKConfig
                0x08001c94      0x130 Drivers\STM32F4xx_HAL_Driver\Src\stm32f4xx_hal_rcc_ex.o
                0x08001c94                HAL_RCCEx_PeriphCLKConfig
 .text.HAL_RCCEx_GetPeriphCLKFreq
                0x08001dc4       0x5c Drivers\STM32F4xx_HAL_Driver\Src\stm32f4xx_hal_rcc_ex.o
                0x08001dc4                HAL_RCCEx_GetPeriphCLKFreq
 .text.HAL_SPI_Init
                0x08001e20       0x7a Drivers\STM32F4xx_HAL_Driver\Src\stm32f4xx_hal_spi.o
                0x08001e20                HAL_SPI_Init
 .text.HAL_TIM_Base_Start
                0x08001e9a       0x24 Drivers\STM32F4xx_HAL_Driver\Src\stm32f4xx_hal_tim.o
                0x08001e9a                HAL_TIM_Base_Start
 .text.HAL_TIM_PeriodElapsedCallback
                0x08001ebe        0x2 Drivers\STM32F4xx_HAL_Driver\Src\stm32f4xx_hal_tim.o
                0x08001ebe                HAL_TIM_PeriodElapsedCallback
 .text.HAL_TIM_OC_DelayElapsedCallback
                0x08001ec0        0x2 Drivers\STM32F4xx_HAL_Driver\Src\stm32f4xx_hal_tim.o
                0x08001ec0                HAL_TIM_OC_DelayElapsedCallback
 .text.HAL_TIM_IC_CaptureCallback
                0x08001ec2        0x2 Drivers\STM32F4xx_HAL_Driver\Src\stm32f4xx_hal_tim.o
                0x08001ec2                HAL_TIM_IC_CaptureCallback
 .text.HAL_TIM_PWM_PulseFinishedCallback
                0x08001ec4        0x2 Drivers\STM32F4xx_HAL_Driver\Src\stm32f4xx_hal_tim.o
                0x08001ec4                HAL_TIM_PWM_PulseFinishedCallback
 .text.HAL_TIM_TriggerCallback
                0x08001ec6        0x2 Drivers\STM32F4xx_HAL_Driver\Src\stm32f4xx_hal_tim.o
                0x08001ec6                HAL_TIM_TriggerCallback
 .text.HAL_TIM_IRQHandler
                0x08001ec8      0x144 Drivers\STM32F4xx_HAL_Driver\Src\stm32f4xx_hal_tim.o
                0x08001ec8                HAL_TIM_IRQHandler
 .text.TIM_Base_SetConfig
                0x0800200c       0xcc Drivers\STM32F4xx_HAL_Driver\Src\stm32f4xx_hal_tim.o
                0x0800200c                TIM_Base_SetConfig
 .text.HAL_TIM_Base_Init
                0x080020d8       0x34 Drivers\STM32F4xx_HAL_Driver\Src\stm32f4xx_hal_tim.o
                0x080020d8                HAL_TIM_Base_Init
 .text.TIM_ETR_SetConfig
                0x0800210c       0x14 Drivers\STM32F4xx_HAL_Driver\Src\stm32f4xx_hal_tim.o
                0x0800210c                TIM_ETR_SetConfig
 .text.HAL_TIM_ConfigClockSource
                0x08002120      0x128 Drivers\STM32F4xx_HAL_Driver\Src\stm32f4xx_hal_tim.o
                0x08002120                HAL_TIM_ConfigClockSource
 .text.HAL_TIMEx_MasterConfigSynchronization
                0x08002248       0x84 Drivers\STM32F4xx_HAL_Driver\Src\stm32f4xx_hal_tim_ex.o
                0x08002248                HAL_TIMEx_MasterConfigSynchronization
 .text.HAL_TIMEx_CommutCallback
                0x080022cc        0x2 Drivers\STM32F4xx_HAL_Driver\Src\stm32f4xx_hal_tim_ex.o
                0x080022cc                HAL_TIMEx_CommutCallback
 .text.HAL_TIMEx_BreakCallback
                0x080022ce        0x2 Drivers\STM32F4xx_HAL_Driver\Src\stm32f4xx_hal_tim_ex.o
                0x080022ce                HAL_TIMEx_BreakCallback
 .text.UART_SetConfig
                0x080022d0       0xdc Drivers\STM32F4xx_HAL_Driver\Src\stm32f4xx_hal_uart.o
 .text.UART_WaitOnFlagUntilTimeout.constprop.3
                0x080023ac       0x50 Drivers\STM32F4xx_HAL_Driver\Src\stm32f4xx_hal_uart.o
 .text.HAL_UART_Init
                0x080023fc       0x5c Drivers\STM32F4xx_HAL_Driver\Src\stm32f4xx_hal_uart.o
                0x080023fc                HAL_UART_Init
 .text.HAL_UART_Transmit
                0x08002458       0xbe Drivers\STM32F4xx_HAL_Driver\Src\stm32f4xx_hal_uart.o
                0x08002458                HAL_UART_Transmit
 *fill*         0x08002516        0x2 
 .text.USB_CoreReset
                0x08002518       0x30 Drivers\STM32F4xx_HAL_Driver\Src\stm32f4xx_ll_usb.o
 .text.USB_CoreInit
                0x08002548       0x80 Drivers\STM32F4xx_HAL_Driver\Src\stm32f4xx_ll_usb.o
                0x08002548                USB_CoreInit
 .text.USB_EnableGlobalInt
                0x080025c8        0xc Drivers\STM32F4xx_HAL_Driver\Src\stm32f4xx_ll_usb.o
                0x080025c8                USB_EnableGlobalInt
 .text.USB_DisableGlobalInt
                0x080025d4        0xc Drivers\STM32F4xx_HAL_Driver\Src\stm32f4xx_ll_usb.o
                0x080025d4                USB_DisableGlobalInt
 .text.USB_SetCurrentMode
                0x080025e0       0x2e Drivers\STM32F4xx_HAL_Driver\Src\stm32f4xx_ll_usb.o
                0x080025e0                USB_SetCurrentMode
 *fill*         0x0800260e        0x2 
 .text.USB_FlushTxFifo
                0x08002610       0x24 Drivers\STM32F4xx_HAL_Driver\Src\stm32f4xx_ll_usb.o
                0x08002610                USB_FlushTxFifo
 .text.USB_FlushRxFifo
                0x08002634       0x20 Drivers\STM32F4xx_HAL_Driver\Src\stm32f4xx_ll_usb.o
                0x08002634                USB_FlushRxFifo
 .text.USB_WritePacket
                0x08002654       0x28 Drivers\STM32F4xx_HAL_Driver\Src\stm32f4xx_ll_usb.o
                0x08002654                USB_WritePacket
 .text.USB_ReadPacket
                0x0800267c       0x1c Drivers\STM32F4xx_HAL_Driver\Src\stm32f4xx_ll_usb.o
                0x0800267c                USB_ReadPacket
 .text.USB_ReadInterrupts
                0x08002698        0x8 Drivers\STM32F4xx_HAL_Driver\Src\stm32f4xx_ll_usb.o
                0x08002698                USB_ReadInterrupts
 .text.USB_GetMode
                0x080026a0        0x8 Drivers\STM32F4xx_HAL_Driver\Src\stm32f4xx_ll_usb.o
                0x080026a0                USB_GetMode
 .text.USB_InitFSLSPClkSel
                0x080026a8       0x38 Drivers\STM32F4xx_HAL_Driver\Src\stm32f4xx_ll_usb.o
                0x080026a8                USB_InitFSLSPClkSel
 .text.USB_ResetPort
                0x080026e0       0x3c Drivers\STM32F4xx_HAL_Driver\Src\stm32f4xx_ll_usb.o
                0x080026e0                USB_ResetPort
 .text.USB_DriveVbus
                0x0800271c       0x40 Drivers\STM32F4xx_HAL_Driver\Src\stm32f4xx_ll_usb.o
                0x0800271c                USB_DriveVbus
 .text.USB_HostInit
                0x0800275c       0xe0 Drivers\STM32F4xx_HAL_Driver\Src\stm32f4xx_ll_usb.o
                0x0800275c                USB_HostInit
 .text.USB_GetHostSpeed
                0x0800283c       0x16 Drivers\STM32F4xx_HAL_Driver\Src\stm32f4xx_ll_usb.o
                0x0800283c                USB_GetHostSpeed
 .text.USB_GetCurrentFrame
                0x08002852        0xa Drivers\STM32F4xx_HAL_Driver\Src\stm32f4xx_ll_usb.o
                0x08002852                USB_GetCurrentFrame
 .text.USB_HC_Init
                0x0800285c      0x10a Drivers\STM32F4xx_HAL_Driver\Src\stm32f4xx_ll_usb.o
                0x0800285c                USB_HC_Init
 .text.USB_HC_ReadInterrupt
                0x08002966        0xa Drivers\STM32F4xx_HAL_Driver\Src\stm32f4xx_ll_usb.o
                0x08002966                USB_HC_ReadInterrupt
 .text.USB_HC_Halt
                0x08002970       0xa4 Drivers\STM32F4xx_HAL_Driver\Src\stm32f4xx_ll_usb.o
                0x08002970                USB_HC_Halt
 .text.USB_DoPing
                0x08002a14       0x24 Drivers\STM32F4xx_HAL_Driver\Src\stm32f4xx_ll_usb.o
                0x08002a14                USB_DoPing
 .text.USB_HC_StartXfer
                0x08002a38      0x164 Drivers\STM32F4xx_HAL_Driver\Src\stm32f4xx_ll_usb.o
                0x08002a38                USB_HC_StartXfer
 .text.USB_StopHost
                0x08002b9c       0x6c Drivers\STM32F4xx_HAL_Driver\Src\stm32f4xx_ll_usb.o
                0x08002b9c                USB_StopHost
 .text.USBH_CDC_SOFProcess
                0x08002c08        0x4 Middlewares\ST\STM32_USB_Host_Library\Class\CDC\Src\usbh_cdc.o
 .text.USBH_CDC_InterfaceDeInit
                0x08002c0c       0x62 Middlewares\ST\STM32_USB_Host_Library\Class\CDC\Src\usbh_cdc.o
 .text.USBH_CDC_InterfaceInit
                0x08002c6e      0x12a Middlewares\ST\STM32_USB_Host_Library\Class\CDC\Src\usbh_cdc.o
 .text.USBH_CDC_ClassRequest
                0x08002d98       0x34 Middlewares\ST\STM32_USB_Host_Library\Class\CDC\Src\usbh_cdc.o
 .text.USBH_CDC_TransmitCallback
                0x08002dcc        0x2 Middlewares\ST\STM32_USB_Host_Library\Class\CDC\Src\usbh_cdc.o
                0x08002dcc                USBH_CDC_TransmitCallback
 .text.USBH_CDC_ReceiveCallback
                0x08002dce        0x2 Middlewares\ST\STM32_USB_Host_Library\Class\CDC\Src\usbh_cdc.o
                0x08002dce                USBH_CDC_ReceiveCallback
 .text.USBH_CDC_LineCodingChanged
                0x08002dd0        0x2 Middlewares\ST\STM32_USB_Host_Library\Class\CDC\Src\usbh_cdc.o
                0x08002dd0                USBH_CDC_LineCodingChanged
 .text.USBH_CDC_Process
                0x08002dd2      0x172 Middlewares\ST\STM32_USB_Host_Library\Class\CDC\Src\usbh_cdc.o
 .text.DeInitStateMachine
                0x08002f44       0x44 Middlewares\ST\STM32_USB_Host_Library\Core\Src\usbh_core.o
 .text.USBH_Init
                0x08002f88       0x2e Middlewares\ST\STM32_USB_Host_Library\Core\Src\usbh_core.o
                0x08002f88                USBH_Init
 .text.USBH_RegisterClass
                0x08002fb6       0x1a Middlewares\ST\STM32_USB_Host_Library\Core\Src\usbh_core.o
                0x08002fb6                USBH_RegisterClass
 .text.USBH_SelectInterface
                0x08002fd0       0x12 Middlewares\ST\STM32_USB_Host_Library\Core\Src\usbh_core.o
                0x08002fd0                USBH_SelectInterface
 .text.USBH_FindInterface
                0x08002fe2       0x3a Middlewares\ST\STM32_USB_Host_Library\Core\Src\usbh_core.o
                0x08002fe2                USBH_FindInterface
 .text.USBH_Start
                0x0800301c       0x14 Middlewares\ST\STM32_USB_Host_Library\Core\Src\usbh_core.o
                0x0800301c                USBH_Start
 .text.USBH_Process
                0x08003030      0x28a Middlewares\ST\STM32_USB_Host_Library\Core\Src\usbh_core.o
                0x08003030                USBH_Process
 .text.USBH_LL_SetTimer
                0x080032ba        0x6 Middlewares\ST\STM32_USB_Host_Library\Core\Src\usbh_core.o
                0x080032ba                USBH_LL_SetTimer
 .text.USBH_LL_IncTimer
                0x080032c0       0x1c Middlewares\ST\STM32_USB_Host_Library\Core\Src\usbh_core.o
                0x080032c0                USBH_LL_IncTimer
 .text.USBH_LL_PortEnabled
                0x080032dc        0x8 Middlewares\ST\STM32_USB_Host_Library\Core\Src\usbh_core.o
                0x080032dc                USBH_LL_PortEnabled
 .text.USBH_LL_PortDisabled
                0x080032e4        0x8 Middlewares\ST\STM32_USB_Host_Library\Core\Src\usbh_core.o
                0x080032e4                USBH_LL_PortDisabled
 .text.USBH_LL_Connect
                0x080032ec       0x28 Middlewares\ST\STM32_USB_Host_Library\Core\Src\usbh_core.o
                0x080032ec                USBH_LL_Connect
 .text.USBH_LL_Disconnect
                0x08003314       0x38 Middlewares\ST\STM32_USB_Host_Library\Core\Src\usbh_core.o
                0x08003314                USBH_LL_Disconnect
 .text.USBH_CtlReq
                0x0800334c      0x182 Middlewares\ST\STM32_USB_Host_Library\Core\Src\usbh_ctlreq.o
                0x0800334c                USBH_CtlReq
 .text.USBH_GetDescriptor
                0x080034ce       0x38 Middlewares\ST\STM32_USB_Host_Library\Core\Src\usbh_ctlreq.o
                0x080034ce                USBH_GetDescriptor
 .text.USBH_Get_DevDesc
                0x08003506       0x90 Middlewares\ST\STM32_USB_Host_Library\Core\Src\usbh_ctlreq.o
                0x08003506                USBH_Get_DevDesc
 .text.USBH_Get_CfgDesc
                0x08003596      0x11c Middlewares\ST\STM32_USB_Host_Library\Core\Src\usbh_ctlreq.o
                0x08003596                USBH_Get_CfgDesc
 .text.USBH_Get_StringDesc
                0x080036b2       0x4e Middlewares\ST\STM32_USB_Host_Library\Core\Src\usbh_ctlreq.o
                0x080036b2                USBH_Get_StringDesc
 .text.USBH_SetAddress
                0x08003700       0x1c Middlewares\ST\STM32_USB_Host_Library\Core\Src\usbh_ctlreq.o
                0x08003700                USBH_SetAddress
 .text.USBH_SetCfg
                0x0800371c       0x1c Middlewares\ST\STM32_USB_Host_Library\Core\Src\usbh_ctlreq.o
                0x0800371c                USBH_SetCfg
 .text.USBH_SetFeature
                0x08003738       0x1c Middlewares\ST\STM32_USB_Host_Library\Core\Src\usbh_ctlreq.o
                0x08003738                USBH_SetFeature
 .text.USBH_ClrFeature
                0x08003754       0x1c Middlewares\ST\STM32_USB_Host_Library\Core\Src\usbh_ctlreq.o
                0x08003754                USBH_ClrFeature
 .text.USBH_CtlSendSetup
                0x08003770       0x22 Middlewares\ST\STM32_USB_Host_Library\Core\Src\usbh_ioreq.o
                0x08003770                USBH_CtlSendSetup
 .text.USBH_CtlSendData
                0x08003792       0x2e Middlewares\ST\STM32_USB_Host_Library\Core\Src\usbh_ioreq.o
                0x08003792                USBH_CtlSendData
 .text.USBH_CtlReceiveData
                0x080037c0       0x20 Middlewares\ST\STM32_USB_Host_Library\Core\Src\usbh_ioreq.o
                0x080037c0                USBH_CtlReceiveData
 .text.USBH_BulkSendData
                0x080037e0       0x2e Middlewares\ST\STM32_USB_Host_Library\Core\Src\usbh_ioreq.o
                0x080037e0                USBH_BulkSendData
 .text.USBH_BulkReceiveData
                0x0800380e       0x20 Middlewares\ST\STM32_USB_Host_Library\Core\Src\usbh_ioreq.o
                0x0800380e                USBH_BulkReceiveData
 .text.USBH_OpenPipe
                0x0800382e       0x1e Middlewares\ST\STM32_USB_Host_Library\Core\Src\usbh_pipes.o
                0x0800382e                USBH_OpenPipe
 .text.USBH_ClosePipe
                0x0800384c        0xa Middlewares\ST\STM32_USB_Host_Library\Core\Src\usbh_pipes.o
                0x0800384c                USBH_ClosePipe
 .text.USBH_AllocPipe
                0x08003856       0x2e Middlewares\ST\STM32_USB_Host_Library\Core\Src\usbh_pipes.o
                0x08003856                USBH_AllocPipe
 .text.USBH_FreePipe
                0x08003884       0x18 Middlewares\ST\STM32_USB_Host_Library\Core\Src\usbh_pipes.o
                0x08003884                USBH_FreePipe
 .text.Set_Pin_Output
                0x0800389c       0x24 Src\main.o
                0x0800389c                Set_Pin_Output
 .text.Set_Pin_Input
                0x080038c0       0x24 Src\main.o
                0x080038c0                Set_Pin_Input
 .text.delay    0x080038e4       0x14 Src\main.o
                0x080038e4                delay
 .text.DHT11_Start
                0x080038f8       0x3c Src\main.o
                0x080038f8                DHT11_Start
 .text.DHT11_Check_Response
                0x08003934       0x48 Src\main.o
                0x08003934                DHT11_Check_Response
 .text.DHT11_Read
                0x0800397c       0x54 Src\main.o
                0x0800397c                DHT11_Read
 .text.SystemClock_Config
                0x080039d0       0xb4 Src\main.o
                0x080039d0                SystemClock_Config
 .text.startup.main
                0x08003a84      0x378 Src\main.o
                0x08003a84                main
 .text.Error_Handler
                0x08003dfc        0x2 Src\main.o
                0x08003dfc                Error_Handler
 *fill*         0x08003dfe        0x2 
 .text.HAL_MspInit
                0x08003e00       0x40 Src\stm32f4xx_hal_msp.o
                0x08003e00                HAL_MspInit
 .text.HAL_I2C_MspInit
                0x08003e40       0x70 Src\stm32f4xx_hal_msp.o
                0x08003e40                HAL_I2C_MspInit
 .text.HAL_I2S_MspInit
                0x08003eb0       0x94 Src\stm32f4xx_hal_msp.o
                0x08003eb0                HAL_I2S_MspInit
 .text.HAL_SPI_MspInit
                0x08003f44       0x68 Src\stm32f4xx_hal_msp.o
                0x08003f44                HAL_SPI_MspInit
 .text.HAL_TIM_Base_MspInit
                0x08003fac       0x3c Src\stm32f4xx_hal_msp.o
                0x08003fac                HAL_TIM_Base_MspInit
 .text.HAL_UART_MspInit
                0x08003fe8       0x6c Src\stm32f4xx_hal_msp.o
                0x08003fe8                HAL_UART_MspInit
 .text.NMI_Handler
                0x08004054        0x2 Src\stm32f4xx_it.o
                0x08004054                NMI_Handler
 .text.HardFault_Handler
                0x08004056        0x2 Src\stm32f4xx_it.o
                0x08004056                HardFault_Handler
 .text.MemManage_Handler
                0x08004058        0x2 Src\stm32f4xx_it.o
                0x08004058                MemManage_Handler
 .text.BusFault_Handler
                0x0800405a        0x2 Src\stm32f4xx_it.o
                0x0800405a                BusFault_Handler
 .text.UsageFault_Handler
                0x0800405c        0x2 Src\stm32f4xx_it.o
                0x0800405c                UsageFault_Handler
 .text.SVC_Handler
                0x0800405e        0x2 Src\stm32f4xx_it.o
                0x0800405e                SVC_Handler
 .text.DebugMon_Handler
                0x08004060        0x2 Src\stm32f4xx_it.o
                0x08004060                DebugMon_Handler
 .text.PendSV_Handler
                0x08004062        0x2 Src\stm32f4xx_it.o
                0x08004062                PendSV_Handler
 .text.SysTick_Handler
                0x08004064        0x4 Src\stm32f4xx_it.o
                0x08004064                SysTick_Handler
 .text.TIM5_IRQHandler
                0x08004068        0xc Src\stm32f4xx_it.o
                0x08004068                TIM5_IRQHandler
 .text.OTG_FS_IRQHandler
                0x08004074        0xc Src\stm32f4xx_it.o
                0x08004074                OTG_FS_IRQHandler
 .text._sbrk    0x08004080       0x34 Src\syscalls.o
                0x08004080                _sbrk
 .text.SystemInit
                0x080040b4       0x1c Src\system_stm32f4xx.o
                0x080040b4                SystemInit
 .text.USBH_UserProcess
                0x080040d0       0x24 Src\usb_host.o
 .text.MX_USB_HOST_Init
                0x080040f4       0x40 Src\usb_host.o
                0x080040f4                MX_USB_HOST_Init
 .text.MX_USB_HOST_Process
                0x08004134        0xc Src\usb_host.o
                0x08004134                MX_USB_HOST_Process
 .text.HAL_HCD_MspInit
                0x08004140       0x90 Src\usbh_conf.o
                0x08004140                HAL_HCD_MspInit
 .text.HAL_HCD_SOF_Callback
                0x080041d0        0x8 Src\usbh_conf.o
                0x080041d0                HAL_HCD_SOF_Callback
 .text.HAL_HCD_Connect_Callback
                0x080041d8        0x8 Src\usbh_conf.o
                0x080041d8                HAL_HCD_Connect_Callback
 .text.HAL_HCD_Disconnect_Callback
                0x080041e0        0x8 Src\usbh_conf.o
                0x080041e0                HAL_HCD_Disconnect_Callback
 .text.HAL_HCD_HC_NotifyURBChange_Callback
                0x080041e8        0x2 Src\usbh_conf.o
                0x080041e8                HAL_HCD_HC_NotifyURBChange_Callback
 .text.HAL_HCD_PortEnabled_Callback
                0x080041ea        0x8 Src\usbh_conf.o
                0x080041ea                HAL_HCD_PortEnabled_Callback
 .text.HAL_HCD_PortDisabled_Callback
                0x080041f2        0x8 Src\usbh_conf.o
                0x080041f2                HAL_HCD_PortDisabled_Callback
 *fill*         0x080041fa        0x2 
 .text.USBH_LL_Init
                0x080041fc       0x4c Src\usbh_conf.o
                0x080041fc                USBH_LL_Init
 .text.USBH_LL_Start
                0x08004248       0x1c Src\usbh_conf.o
                0x08004248                USBH_LL_Start
 .text.USBH_LL_Stop
                0x08004264       0x1c Src\usbh_conf.o
                0x08004264                USBH_LL_Stop
 .text.USBH_LL_GetSpeed
                0x08004280       0x1c Src\usbh_conf.o
                0x08004280                USBH_LL_GetSpeed
 .text.USBH_LL_ResetPort
                0x0800429c       0x1c Src\usbh_conf.o
                0x0800429c                USBH_LL_ResetPort
 .text.USBH_LL_GetLastXferSize
                0x080042b8        0x8 Src\usbh_conf.o
                0x080042b8                USBH_LL_GetLastXferSize
 .text.USBH_LL_OpenPipe
                0x080042c0       0x30 Src\usbh_conf.o
                0x080042c0                USBH_LL_OpenPipe
 .text.USBH_LL_ClosePipe
                0x080042f0       0x1c Src\usbh_conf.o
                0x080042f0                USBH_LL_ClosePipe
 .text.USBH_LL_SubmitURB
                0x0800430c       0x34 Src\usbh_conf.o
                0x0800430c                USBH_LL_SubmitURB
 .text.USBH_LL_GetURBState
                0x08004340        0x8 Src\usbh_conf.o
                0x08004340                USBH_LL_GetURBState
 .text.USBH_LL_DriverVBUS
                0x08004348       0x1a Src\usbh_conf.o
                0x08004348                USBH_LL_DriverVBUS
 .text.USBH_LL_SetToggle
                0x08004362       0x1e Src\usbh_conf.o
                0x08004362                USBH_LL_SetToggle
 .text.USBH_Delay
                0x08004380        0x4 Src\usbh_conf.o
                0x08004380                USBH_Delay
 .text.MX_DriverVbusFS
                0x08004384       0x14 Src\usbh_platform.o
                0x08004384                MX_DriverVbusFS
 .text.Reset_Handler
                0x08004398       0x50 startup\startup_stm32f407xx.o
                0x08004398                Reset_Handler
 .text.Default_Handler
                0x080043e8        0x2 startup\startup_stm32f407xx.o
                0x080043e8                RTC_Alarm_IRQHandler
                0x080043e8                HASH_RNG_IRQHandler
                0x080043e8                EXTI2_IRQHandler
                0x080043e8                TIM8_CC_IRQHandler
                0x080043e8                TIM1_CC_IRQHandler
                0x080043e8                DMA2_Stream5_IRQHandler
                0x080043e8                DMA1_Stream5_IRQHandler
                0x080043e8                PVD_IRQHandler
                0x080043e8                SDIO_IRQHandler
                0x080043e8                TAMP_STAMP_IRQHandler
                0x080043e8                CAN2_RX1_IRQHandler
                0x080043e8                EXTI3_IRQHandler
                0x080043e8                TIM8_TRG_COM_TIM14_IRQHandler
                0x080043e8                TIM1_UP_TIM10_IRQHandler
                0x080043e8                TIM8_UP_TIM13_IRQHandler
                0x080043e8                I2C3_ER_IRQHandler
                0x080043e8                EXTI0_IRQHandler
                0x080043e8                I2C2_EV_IRQHandler
                0x080043e8                DMA1_Stream2_IRQHandler
                0x080043e8                CAN1_RX0_IRQHandler
                0x080043e8                FPU_IRQHandler
                0x080043e8                OTG_HS_WKUP_IRQHandler
                0x080043e8                CAN2_SCE_IRQHandler
                0x080043e8                DMA2_Stream2_IRQHandler
                0x080043e8                SPI1_IRQHandler
                0x080043e8                TIM6_DAC_IRQHandler
                0x080043e8                TIM1_BRK_TIM9_IRQHandler
                0x080043e8                DCMI_IRQHandler
                0x080043e8                CAN2_RX0_IRQHandler
                0x080043e8                DMA2_Stream3_IRQHandler
                0x080043e8                USART6_IRQHandler
                0x080043e8                USART3_IRQHandler
                0x080043e8                CAN1_RX1_IRQHandler
                0x080043e8                UART5_IRQHandler
                0x080043e8                DMA2_Stream0_IRQHandler
                0x080043e8                TIM4_IRQHandler
                0x080043e8                I2C1_EV_IRQHandler
                0x080043e8                DMA1_Stream6_IRQHandler
                0x080043e8                DMA1_Stream1_IRQHandler
                0x080043e8                UART4_IRQHandler
                0x080043e8                TIM3_IRQHandler
                0x080043e8                RCC_IRQHandler
                0x080043e8                TIM8_BRK_TIM12_IRQHandler
                0x080043e8                Default_Handler
                0x080043e8                EXTI15_10_IRQHandler
                0x080043e8                ADC_IRQHandler
                0x080043e8                DMA1_Stream7_IRQHandler
                0x080043e8                TIM7_IRQHandler
                0x080043e8                CAN2_TX_IRQHandler
                0x080043e8                DMA2_Stream7_IRQHandler
                0x080043e8                I2C3_EV_IRQHandler
                0x080043e8                EXTI9_5_IRQHandler
                0x080043e8                RTC_WKUP_IRQHandler
                0x080043e8                ETH_WKUP_IRQHandler
                0x080043e8                SPI2_IRQHandler
                0x080043e8                OTG_HS_EP1_IN_IRQHandler
                0x080043e8                DMA1_Stream0_IRQHandler
                0x080043e8                CAN1_TX_IRQHandler
                0x080043e8                EXTI4_IRQHandler
                0x080043e8                FSMC_IRQHandler
                0x080043e8                ETH_IRQHandler
                0x080043e8                OTG_HS_EP1_OUT_IRQHandler
                0x080043e8                WWDG_IRQHandler
                0x080043e8                TIM2_IRQHandler
                0x080043e8                OTG_FS_WKUP_IRQHandler
                0x080043e8                TIM1_TRG_COM_TIM11_IRQHandler
                0x080043e8                OTG_HS_IRQHandler
                0x080043e8                EXTI1_IRQHandler
                0x080043e8                USART2_IRQHandler
                0x080043e8                I2C2_ER_IRQHandler
                0x080043e8                DMA2_Stream1_IRQHandler
                0x080043e8                CAN1_SCE_IRQHandler
                0x080043e8                FLASH_IRQHandler
                0x080043e8                DMA2_Stream4_IRQHandler
                0x080043e8                USART1_IRQHandler
                0x080043e8                SPI3_IRQHandler
                0x080043e8                DMA1_Stream4_IRQHandler
                0x080043e8                I2C1_ER_IRQHandler
                0x080043e8                DMA2_Stream6_IRQHandler
                0x080043e8                DMA1_Stream3_IRQHandler
 *fill*         0x080043ea        0x2 
 .text.__errno  0x080043ec        0xc c:/program files (x86)/atollic/truestudio for stm32 9.3.0/armtools/bin/../lib/gcc/arm-atollic-eabi/6.3.1/../../../../arm-atollic-eabi/lib/armv7e-m/fpu\libc_nano.a(lib_a-errno.o)
                0x080043ec                __errno
 .text.__libc_init_array
                0x080043f8       0x48 c:/program files (x86)/atollic/truestudio for stm32 9.3.0/armtools/bin/../lib/gcc/arm-atollic-eabi/6.3.1/../../../../arm-atollic-eabi/lib/armv7e-m/fpu\libc_nano.a(lib_a-init.o)
                0x080043f8                __libc_init_array
 .text.malloc   0x08004440       0x10 c:/program files (x86)/atollic/truestudio for stm32 9.3.0/armtools/bin/../lib/gcc/arm-atollic-eabi/6.3.1/../../../../arm-atollic-eabi/lib/armv7e-m/fpu\libc_nano.a(lib_a-malloc.o)
                0x08004440                malloc
 .text.free     0x08004450       0x10 c:/program files (x86)/atollic/truestudio for stm32 9.3.0/armtools/bin/../lib/gcc/arm-atollic-eabi/6.3.1/../../../../arm-atollic-eabi/lib/armv7e-m/fpu\libc_nano.a(lib_a-malloc.o)
                0x08004450                free
 .text.memset   0x08004460       0x10 c:/program files (x86)/atollic/truestudio for stm32 9.3.0/armtools/bin/../lib/gcc/arm-atollic-eabi/6.3.1/../../../../arm-atollic-eabi/lib/armv7e-m/fpu\libc_nano.a(lib_a-memset.o)
                0x08004460                memset
 .text._free_r  0x08004470       0x9c c:/program files (x86)/atollic/truestudio for stm32 9.3.0/armtools/bin/../lib/gcc/arm-atollic-eabi/6.3.1/../../../../arm-atollic-eabi/lib/armv7e-m/fpu\libc_nano.a(lib_a-nano-freer.o)
                0x08004470                _free_r
 .text._malloc_r
                0x0800450c       0xbc c:/program files (x86)/atollic/truestudio for stm32 9.3.0/armtools/bin/../lib/gcc/arm-atollic-eabi/6.3.1/../../../../arm-atollic-eabi/lib/armv7e-m/fpu\libc_nano.a(lib_a-nano-mallocr.o)
                0x0800450c                _malloc_r
 .text._sbrk_r  0x080045c8       0x20 c:/program files (x86)/atollic/truestudio for stm32 9.3.0/armtools/bin/../lib/gcc/arm-atollic-eabi/6.3.1/../../../../arm-atollic-eabi/lib/armv7e-m/fpu\libc_nano.a(lib_a-sbrkr.o)
                0x080045c8                _sbrk_r
 .text.sprintf  0x080045e8       0x48 c:/program files (x86)/atollic/truestudio for stm32 9.3.0/armtools/bin/../lib/gcc/arm-atollic-eabi/6.3.1/../../../../arm-atollic-eabi/lib/armv7e-m/fpu\libc_nano.a(lib_a-sprintf.o)
                0x080045e8                siprintf
                0x080045e8                sprintf
 .text.strcpy   0x08004630       0x10 c:/program files (x86)/atollic/truestudio for stm32 9.3.0/armtools/bin/../lib/gcc/arm-atollic-eabi/6.3.1/../../../../arm-atollic-eabi/lib/armv7e-m/fpu\libc_nano.a(lib_a-strcpy.o)
                0x08004630                strcpy
 .text.__malloc_lock
                0x08004640        0x2 c:/program files (x86)/atollic/truestudio for stm32 9.3.0/armtools/bin/../lib/gcc/arm-atollic-eabi/6.3.1/../../../../arm-atollic-eabi/lib/armv7e-m/fpu\libc_nano.a(lib_a-mlock.o)
                0x08004640                __malloc_lock
 .text.__malloc_unlock
                0x08004642        0x2 c:/program files (x86)/atollic/truestudio for stm32 9.3.0/armtools/bin/../lib/gcc/arm-atollic-eabi/6.3.1/../../../../arm-atollic-eabi/lib/armv7e-m/fpu\libc_nano.a(lib_a-mlock.o)
                0x08004642                __malloc_unlock
 .text.__ssputs_r
                0x08004644       0xb6 c:/program files (x86)/atollic/truestudio for stm32 9.3.0/armtools/bin/../lib/gcc/arm-atollic-eabi/6.3.1/../../../../arm-atollic-eabi/lib/armv7e-m/fpu\libc_nano.a(lib_a-nano-svfprintf.o)
                0x08004644                __ssputs_r
 *fill*         0x080046fa        0x2 
 .text._svfprintf_r
                0x080046fc      0x1e8 c:/program files (x86)/atollic/truestudio for stm32 9.3.0/armtools/bin/../lib/gcc/arm-atollic-eabi/6.3.1/../../../../arm-atollic-eabi/lib/armv7e-m/fpu\libc_nano.a(lib_a-nano-svfprintf.o)
                0x080046fc                _svfiprintf_r
                0x080046fc                _svfprintf_r
 .text._printf_common
                0x080048e4       0xec c:/program files (x86)/atollic/truestudio for stm32 9.3.0/armtools/bin/../lib/gcc/arm-atollic-eabi/6.3.1/../../../../arm-atollic-eabi/lib/armv7e-m/fpu\libc_nano.a(lib_a-nano-vfprintf_i.o)
                0x080048e4                _printf_common
 .text._printf_i
                0x080049d0      0x240 c:/program files (x86)/atollic/truestudio for stm32 9.3.0/armtools/bin/../lib/gcc/arm-atollic-eabi/6.3.1/../../../../arm-atollic-eabi/lib/armv7e-m/fpu\libc_nano.a(lib_a-nano-vfprintf_i.o)
                0x080049d0                _printf_i
 .text.memcpy   0x08004c10       0x16 c:/program files (x86)/atollic/truestudio for stm32 9.3.0/armtools/bin/../lib/gcc/arm-atollic-eabi/6.3.1/../../../../arm-atollic-eabi/lib/armv7e-m/fpu\libc_nano.a(lib_a-memcpy-stub.o)
                0x08004c10                memcpy
 .text.memmove  0x08004c26       0x34 c:/program files (x86)/atollic/truestudio for stm32 9.3.0/armtools/bin/../lib/gcc/arm-atollic-eabi/6.3.1/../../../../arm-atollic-eabi/lib/armv7e-m/fpu\libc_nano.a(lib_a-memmove.o)
                0x08004c26                memmove
 .text._realloc_r
                0x08004c5a       0x4c c:/program files (x86)/atollic/truestudio for stm32 9.3.0/armtools/bin/../lib/gcc/arm-atollic-eabi/6.3.1/../../../../arm-atollic-eabi/lib/armv7e-m/fpu\libc_nano.a(lib_a-nano-reallocr.o)
                0x08004c5a                _realloc_r
 .text._malloc_usable_size_r
                0x08004ca6       0x12 c:/program files (x86)/atollic/truestudio for stm32 9.3.0/armtools/bin/../lib/gcc/arm-atollic-eabi/6.3.1/../../../../arm-atollic-eabi/lib/armv7e-m/fpu\libc_nano.a(lib_a-nano-msizer.o)
                0x08004ca6                _malloc_usable_size_r
 *(.glue_7)
 .glue_7        0x08004cb8        0x0 linker stubs
 *(.glue_7t)
 .glue_7t       0x08004cb8        0x0 linker stubs
 *(.eh_frame)
 .eh_frame      0x08004cb8        0x0 c:/program files (x86)/atollic/truestudio for stm32 9.3.0/armtools/bin/../lib/gcc/arm-atollic-eabi/6.3.1/armv7e-m/fpu/crtbegin.o
 *(.init)
 .init          0x08004cb8        0x4 c:/program files (x86)/atollic/truestudio for stm32 9.3.0/armtools/bin/../lib/gcc/arm-atollic-eabi/6.3.1/armv7e-m/fpu/crti.o
                0x08004cb8                _init
 .init          0x08004cbc        0x8 c:/program files (x86)/atollic/truestudio for stm32 9.3.0/armtools/bin/../lib/gcc/arm-atollic-eabi/6.3.1/armv7e-m/fpu/crtn.o
 *(.fini)
 .fini          0x08004cc4        0x4 c:/program files (x86)/atollic/truestudio for stm32 9.3.0/armtools/bin/../lib/gcc/arm-atollic-eabi/6.3.1/armv7e-m/fpu/crti.o
                0x08004cc4                _fini
 .fini          0x08004cc8        0x8 c:/program files (x86)/atollic/truestudio for stm32 9.3.0/armtools/bin/../lib/gcc/arm-atollic-eabi/6.3.1/armv7e-m/fpu/crtn.o
                0x08004cd0                . = ALIGN (0x4)
                0x08004cd0                _etext = .

.vfp11_veneer   0x08004cd0        0x0
 .vfp11_veneer  0x08004cd0        0x0 linker stubs

.v4_bx          0x08004cd0        0x0
 .v4_bx         0x08004cd0        0x0 linker stubs

.iplt           0x08004cd0        0x0
 .iplt          0x08004cd0        0x0 c:/program files (x86)/atollic/truestudio for stm32 9.3.0/armtools/bin/../lib/gcc/arm-atollic-eabi/6.3.1/armv7e-m/fpu/crtbegin.o

.rodata         0x08004cd0       0x84
                0x08004cd0                . = ALIGN (0x4)
 *(.rodata)
 *(.rodata*)
 .rodata.str1.1
                0x08004cd0        0x4 Middlewares\ST\STM32_USB_Host_Library\Class\CDC\Src\usbh_cdc.o
 .rodata.main.str1.1
                0x08004cd4       0x2d Src\main.o
 .rodata.AHBPrescTable
                0x08004d01       0x10 Src\system_stm32f4xx.o
                0x08004d01                AHBPrescTable
 .rodata.APBPrescTable
                0x08004d11        0x8 Src\system_stm32f4xx.o
                0x08004d11                APBPrescTable
 .rodata.CSWTCH.14
                0x08004d19        0x3 Src\usbh_conf.o
 .rodata.CSWTCH.22
                0x08004d1c        0x4 Src\usbh_conf.o
 .rodata._svfprintf_r.str1.1
                0x08004d20       0x11 c:/program files (x86)/atollic/truestudio for stm32 9.3.0/armtools/bin/../lib/gcc/arm-atollic-eabi/6.3.1/../../../../arm-atollic-eabi/lib/armv7e-m/fpu\libc_nano.a(lib_a-nano-svfprintf.o)
 .rodata._printf_i.str1.1
                0x08004d31       0x22 c:/program files (x86)/atollic/truestudio for stm32 9.3.0/armtools/bin/../lib/gcc/arm-atollic-eabi/6.3.1/../../../../arm-atollic-eabi/lib/armv7e-m/fpu\libc_nano.a(lib_a-nano-vfprintf_i.o)
                0x08004d54                . = ALIGN (0x4)
 *fill*         0x08004d53        0x1 

.ARM.extab
 *(.ARM.extab* .gnu.linkonce.armextab.*)

.ARM            0x08004d54        0x8
                0x08004d54                __exidx_start = .
 *(.ARM.exidx*)
 .ARM.exidx     0x08004d54        0x8 c:/program files (x86)/atollic/truestudio for stm32 9.3.0/armtools/bin/../lib/gcc/arm-atollic-eabi/6.3.1/armv7e-m/fpu\libgcc.a(_udivmoddi4.o)
                0x08004d5c                __exidx_end = .

.rel.dyn        0x08004d5c        0x0
 .rel.iplt      0x08004d5c        0x0 c:/program files (x86)/atollic/truestudio for stm32 9.3.0/armtools/bin/../lib/gcc/arm-atollic-eabi/6.3.1/armv7e-m/fpu/crtbegin.o

.preinit_array  0x08004d5c        0x0
                0x08004d5c                PROVIDE (__preinit_array_start, .)
 *(.preinit_array*)
                0x08004d5c                PROVIDE (__preinit_array_end, .)

.init_array     0x08004d5c        0x4
                0x08004d5c                PROVIDE (__init_array_start, .)
 *(SORT(.init_array.*))
 *(.init_array*)
 .init_array    0x08004d5c        0x4 c:/program files (x86)/atollic/truestudio for stm32 9.3.0/armtools/bin/../lib/gcc/arm-atollic-eabi/6.3.1/armv7e-m/fpu/crtbegin.o
                0x08004d60                PROVIDE (__init_array_end, .)

.fini_array     0x08004d60        0x4
                [!provide]                PROVIDE (__fini_array_start, .)
 *(SORT(.fini_array.*))
 *(.fini_array*)
 .fini_array    0x08004d60        0x4 c:/program files (x86)/atollic/truestudio for stm32 9.3.0/armtools/bin/../lib/gcc/arm-atollic-eabi/6.3.1/armv7e-m/fpu/crtbegin.o
                [!provide]                PROVIDE (__fini_array_end, .)
                0x08004d64                _sidata = LOADADDR (.data)

.data           0x20000000       0x90 load address 0x08004d64
                0x20000000                . = ALIGN (0x4)
                0x20000000                _sdata = .
 *(.data)
 *(.data*)
 .data.uwTickFreq
                0x20000000        0x1 Drivers\STM32F4xx_HAL_Driver\Src\stm32f4xx_hal.o
                0x20000000                uwTickFreq
 *fill*         0x20000001        0x3 
 .data.uwTickPrio
                0x20000004        0x4 Drivers\STM32F4xx_HAL_Driver\Src\stm32f4xx_hal.o
                0x20000004                uwTickPrio
 .data.CDC_Class
                0x20000008       0x20 Middlewares\ST\STM32_USB_Host_Library\Class\CDC\Src\usbh_cdc.o
                0x20000008                CDC_Class
 .data.SystemCoreClock
                0x20000028        0x4 Src\system_stm32f4xx.o
                0x20000028                SystemCoreClock
 .data._impure_ptr
                0x2000002c        0x4 c:/program files (x86)/atollic/truestudio for stm32 9.3.0/armtools/bin/../lib/gcc/arm-atollic-eabi/6.3.1/../../../../arm-atollic-eabi/lib/armv7e-m/fpu\libc_nano.a(lib_a-impure.o)
                0x2000002c                _impure_ptr
 .data.impure_data
                0x20000030       0x60 c:/program files (x86)/atollic/truestudio for stm32 9.3.0/armtools/bin/../lib/gcc/arm-atollic-eabi/6.3.1/../../../../arm-atollic-eabi/lib/armv7e-m/fpu\libc_nano.a(lib_a-impure.o)
                0x20000090                . = ALIGN (0x4)
                0x20000090                _edata = .
                0x08004df4                _siccmram = LOADADDR (.ccmram)

.igot.plt       0x20000090        0x0 load address 0x08004df4
 .igot.plt      0x20000090        0x0 c:/program files (x86)/atollic/truestudio for stm32 9.3.0/armtools/bin/../lib/gcc/arm-atollic-eabi/6.3.1/armv7e-m/fpu/crtbegin.o

.ccmram         0x10000000        0x0 load address 0x08004df4
                0x10000000                . = ALIGN (0x4)
                0x10000000                _sccmram = .
 *(.ccmram)
 *(.ccmram*)
                0x10000000                . = ALIGN (0x4)
                0x10000000                _eccmram = .
                0x10000000                . = ALIGN (0x4)

.bss            0x20000090      0x84c
                0x20000090                _sbss = .
                0x20000090                __bss_start__ = _sbss
 *(.bss)
 .bss           0x20000090       0x1c c:/program files (x86)/atollic/truestudio for stm32 9.3.0/armtools/bin/../lib/gcc/arm-atollic-eabi/6.3.1/armv7e-m/fpu/crtbegin.o
 *(.bss*)
 .bss.tmpreg.8918
                0x200000ac        0x4 Drivers\STM32F4xx_HAL_Driver\Src\stm32f4xx_ll_usb.o
 .bss.Presence  0x200000b0        0x1 Src\main.o
                0x200000b0                Presence
 *fill*         0x200000b1        0x3 
 .bss.heap_end.7010
                0x200000b4        0x4 Src\syscalls.o
 .bss.Appli_state
                0x200000b8        0x1 Src\usb_host.o
                0x200000b8                Appli_state
 *fill*         0x200000b9        0x3 
 .bss.__malloc_free_list
                0x200000bc        0x4 c:/program files (x86)/atollic/truestudio for stm32 9.3.0/armtools/bin/../lib/gcc/arm-atollic-eabi/6.3.1/../../../../arm-atollic-eabi/lib/armv7e-m/fpu\libc_nano.a(lib_a-nano-mallocr.o)
                0x200000bc                __malloc_free_list
 .bss.__malloc_sbrk_start
                0x200000c0        0x4 c:/program files (x86)/atollic/truestudio for stm32 9.3.0/armtools/bin/../lib/gcc/arm-atollic-eabi/6.3.1/../../../../arm-atollic-eabi/lib/armv7e-m/fpu\libc_nano.a(lib_a-nano-mallocr.o)
                0x200000c0                __malloc_sbrk_start
 *(COMMON)
 COMMON         0x200000c4        0x4 Drivers\STM32F4xx_HAL_Driver\Src\stm32f4xx_hal.o
                0x200000c4                uwTick
 COMMON         0x200000c8      0x180 Src\main.o
                0x200000c8                huart3
                0x20000108                hi2c1
                0x2000015c                Rh_byte1
                0x2000015e                RH
                0x20000160                htim5
                0x200001a0                TEMP
                0x200001a2                Temp_byte1
                0x200001a3                Rh_byte2
                0x200001a4                hspi1
                0x200001fc                SUM
                0x200001fe                Temp_byte2
                0x20000200                hi2s3
 COMMON         0x20000248      0x3cc Src\usb_host.o
                0x20000248                hUsbHostFS
 COMMON         0x20000614      0x2c4 Src\usbh_conf.o
                0x20000614                hhcd_USB_OTG_FS
 COMMON         0x200008d8        0x4 c:/program files (x86)/atollic/truestudio for stm32 9.3.0/armtools/bin/../lib/gcc/arm-atollic-eabi/6.3.1/../../../../arm-atollic-eabi/lib/armv7e-m/fpu\libc_nano.a(lib_a-reent.o)
                0x200008d8                errno
                0x200008dc                . = ALIGN (0x4)
                0x200008dc                _ebss = .
                0x200008dc                __bss_end__ = _ebss

._user_heap_stack
                0x200008dc      0x400
                0x200008dc                . = ALIGN (0x4)
                0x200008dc                PROVIDE (end, .)
                [!provide]                PROVIDE (_end, .)
                0x200008dc                . = (. + _Min_Heap_Size)
                0x20000cdc                . = (. + _Min_Stack_Size)
 *fill*         0x200008dc      0x400 
                0x20000cdc                . = ALIGN (0x4)

.memory_b1_text
 *(.mb1text)
 *(.mb1text*)
 *(.mb1rodata)
 *(.mb1rodata*)

/DISCARD/
 libc.a(*)
 libm.a(*)
 libgcc.a(*)

.ARM.attributes
                0x00000000       0x30
 *(.ARM.attributes)
 .ARM.attributes
                0x00000000       0x22 c:/program files (x86)/atollic/truestudio for stm32 9.3.0/armtools/bin/../lib/gcc/arm-atollic-eabi/6.3.1/armv7e-m/fpu/crti.o
 .ARM.attributes
                0x00000022       0x34 c:/program files (x86)/atollic/truestudio for stm32 9.3.0/armtools/bin/../lib/gcc/arm-atollic-eabi/6.3.1/armv7e-m/fpu/crtbegin.o
 .ARM.attributes
                0x00000056       0x39 Drivers\STM32F4xx_HAL_Driver\Src\stm32f4xx_hal.o
 .ARM.attributes
                0x0000008f       0x39 Drivers\STM32F4xx_HAL_Driver\Src\stm32f4xx_hal_cortex.o
 .ARM.attributes
                0x000000c8       0x39 Drivers\STM32F4xx_HAL_Driver\Src\stm32f4xx_hal_gpio.o
 .ARM.attributes
                0x00000101       0x39 Drivers\STM32F4xx_HAL_Driver\Src\stm32f4xx_hal_hcd.o
 .ARM.attributes
                0x0000013a       0x39 Drivers\STM32F4xx_HAL_Driver\Src\stm32f4xx_hal_i2c.o
 .ARM.attributes
                0x00000173       0x39 Drivers\STM32F4xx_HAL_Driver\Src\stm32f4xx_hal_i2s.o
 .ARM.attributes
                0x000001ac       0x39 Drivers\STM32F4xx_HAL_Driver\Src\stm32f4xx_hal_i2s_ex.o
 .ARM.attributes
                0x000001e5       0x39 Drivers\STM32F4xx_HAL_Driver\Src\stm32f4xx_hal_rcc.o
 .ARM.attributes
                0x0000021e       0x39 Drivers\STM32F4xx_HAL_Driver\Src\stm32f4xx_hal_rcc_ex.o
 .ARM.attributes
                0x00000257       0x39 Drivers\STM32F4xx_HAL_Driver\Src\stm32f4xx_hal_spi.o
 .ARM.attributes
                0x00000290       0x39 Drivers\STM32F4xx_HAL_Driver\Src\stm32f4xx_hal_tim.o
 .ARM.attributes
                0x000002c9       0x39 Drivers\STM32F4xx_HAL_Driver\Src\stm32f4xx_hal_tim_ex.o
 .ARM.attributes
                0x00000302       0x39 Drivers\STM32F4xx_HAL_Driver\Src\stm32f4xx_hal_uart.o
 .ARM.attributes
                0x0000033b       0x39 Drivers\STM32F4xx_HAL_Driver\Src\stm32f4xx_ll_usb.o
 .ARM.attributes
                0x00000374       0x39 Middlewares\ST\STM32_USB_Host_Library\Class\CDC\Src\usbh_cdc.o
 .ARM.attributes
                0x000003ad       0x39 Middlewares\ST\STM32_USB_Host_Library\Core\Src\usbh_core.o
 .ARM.attributes
                0x000003e6       0x39 Middlewares\ST\STM32_USB_Host_Library\Core\Src\usbh_ctlreq.o
 .ARM.attributes
                0x0000041f       0x39 Middlewares\ST\STM32_USB_Host_Library\Core\Src\usbh_ioreq.o
 .ARM.attributes
                0x00000458       0x39 Middlewares\ST\STM32_USB_Host_Library\Core\Src\usbh_pipes.o
 .ARM.attributes
                0x00000491       0x39 Src\main.o
 .ARM.attributes
                0x000004ca       0x39 Src\stm32f4xx_hal_msp.o
 .ARM.attributes
                0x00000503       0x39 Src\stm32f4xx_it.o
 .ARM.attributes
                0x0000053c       0x39 Src\syscalls.o
 .ARM.attributes
                0x00000575       0x39 Src\system_stm32f4xx.o
 .ARM.attributes
                0x000005ae       0x39 Src\usb_host.o
 .ARM.attributes
                0x000005e7       0x39 Src\usbh_conf.o
 .ARM.attributes
                0x00000620       0x39 Src\usbh_platform.o
 .ARM.attributes
                0x00000659       0x21 startup\startup_stm32f407xx.o
 .ARM.attributes
                0x0000067a       0x34 c:/program files (x86)/atollic/truestudio for stm32 9.3.0/armtools/bin/../lib/gcc/arm-atollic-eabi/6.3.1/../../../../arm-atollic-eabi/lib/armv7e-m/fpu\libc_nano.a(lib_a-errno.o)
 .ARM.attributes
                0x000006ae       0x34 c:/program files (x86)/atollic/truestudio for stm32 9.3.0/armtools/bin/../lib/gcc/arm-atollic-eabi/6.3.1/../../../../arm-atollic-eabi/lib/armv7e-m/fpu\libc_nano.a(lib_a-impure.o)
 .ARM.attributes
                0x000006e2       0x34 c:/program files (x86)/atollic/truestudio for stm32 9.3.0/armtools/bin/../lib/gcc/arm-atollic-eabi/6.3.1/../../../../arm-atollic-eabi/lib/armv7e-m/fpu\libc_nano.a(lib_a-init.o)
 .ARM.attributes
                0x00000716       0x34 c:/program files (x86)/atollic/truestudio for stm32 9.3.0/armtools/bin/../lib/gcc/arm-atollic-eabi/6.3.1/../../../../arm-atollic-eabi/lib/armv7e-m/fpu\libc_nano.a(lib_a-malloc.o)
 .ARM.attributes
                0x0000074a       0x34 c:/program files (x86)/atollic/truestudio for stm32 9.3.0/armtools/bin/../lib/gcc/arm-atollic-eabi/6.3.1/../../../../arm-atollic-eabi/lib/armv7e-m/fpu\libc_nano.a(lib_a-memset.o)
 .ARM.attributes
                0x0000077e       0x34 c:/program files (x86)/atollic/truestudio for stm32 9.3.0/armtools/bin/../lib/gcc/arm-atollic-eabi/6.3.1/../../../../arm-atollic-eabi/lib/armv7e-m/fpu\libc_nano.a(lib_a-nano-freer.o)
 .ARM.attributes
                0x000007b2       0x34 c:/program files (x86)/atollic/truestudio for stm32 9.3.0/armtools/bin/../lib/gcc/arm-atollic-eabi/6.3.1/../../../../arm-atollic-eabi/lib/armv7e-m/fpu\libc_nano.a(lib_a-nano-mallocr.o)
 .ARM.attributes
                0x000007e6       0x34 c:/program files (x86)/atollic/truestudio for stm32 9.3.0/armtools/bin/../lib/gcc/arm-atollic-eabi/6.3.1/../../../../arm-atollic-eabi/lib/armv7e-m/fpu\libc_nano.a(lib_a-sbrkr.o)
 .ARM.attributes
                0x0000081a       0x34 c:/program files (x86)/atollic/truestudio for stm32 9.3.0/armtools/bin/../lib/gcc/arm-atollic-eabi/6.3.1/../../../../arm-atollic-eabi/lib/armv7e-m/fpu\libc_nano.a(lib_a-sprintf.o)
 .ARM.attributes
                0x0000084e       0x34 c:/program files (x86)/atollic/truestudio for stm32 9.3.0/armtools/bin/../lib/gcc/arm-atollic-eabi/6.3.1/../../../../arm-atollic-eabi/lib/armv7e-m/fpu\libc_nano.a(lib_a-strcpy.o)
 .ARM.attributes
                0x00000882       0x1b c:/program files (x86)/atollic/truestudio for stm32 9.3.0/armtools/bin/../lib/gcc/arm-atollic-eabi/6.3.1/../../../../arm-atollic-eabi/lib/armv7e-m/fpu\libc_nano.a(lib_a-strlen.o)
 .ARM.attributes
                0x0000089d       0x34 c:/program files (x86)/atollic/truestudio for stm32 9.3.0/armtools/bin/../lib/gcc/arm-atollic-eabi/6.3.1/../../../../arm-atollic-eabi/lib/armv7e-m/fpu\libc_nano.a(lib_a-mlock.o)
 .ARM.attributes
                0x000008d1       0x34 c:/program files (x86)/atollic/truestudio for stm32 9.3.0/armtools/bin/../lib/gcc/arm-atollic-eabi/6.3.1/../../../../arm-atollic-eabi/lib/armv7e-m/fpu\libc_nano.a(lib_a-nano-svfprintf.o)
 .ARM.attributes
                0x00000905       0x34 c:/program files (x86)/atollic/truestudio for stm32 9.3.0/armtools/bin/../lib/gcc/arm-atollic-eabi/6.3.1/../../../../arm-atollic-eabi/lib/armv7e-m/fpu\libc_nano.a(lib_a-nano-vfprintf_i.o)
 .ARM.attributes
                0x00000939       0x34 c:/program files (x86)/atollic/truestudio for stm32 9.3.0/armtools/bin/../lib/gcc/arm-atollic-eabi/6.3.1/../../../../arm-atollic-eabi/lib/armv7e-m/fpu\libc_nano.a(lib_a-reent.o)
 .ARM.attributes
                0x0000096d       0x20 c:/program files (x86)/atollic/truestudio for stm32 9.3.0/armtools/bin/../lib/gcc/arm-atollic-eabi/6.3.1/../../../../arm-atollic-eabi/lib/armv7e-m/fpu\libc_nano.a(lib_a-memchr.o)
 .ARM.attributes
                0x0000098d       0x34 c:/program files (x86)/atollic/truestudio for stm32 9.3.0/armtools/bin/../lib/gcc/arm-atollic-eabi/6.3.1/../../../../arm-atollic-eabi/lib/armv7e-m/fpu\libc_nano.a(lib_a-memcpy-stub.o)
 .ARM.attributes
                0x000009c1       0x34 c:/program files (x86)/atollic/truestudio for stm32 9.3.0/armtools/bin/../lib/gcc/arm-atollic-eabi/6.3.1/../../../../arm-atollic-eabi/lib/armv7e-m/fpu\libc_nano.a(lib_a-memmove.o)
 .ARM.attributes
                0x000009f5       0x34 c:/program files (x86)/atollic/truestudio for stm32 9.3.0/armtools/bin/../lib/gcc/arm-atollic-eabi/6.3.1/../../../../arm-atollic-eabi/lib/armv7e-m/fpu\libc_nano.a(lib_a-nano-reallocr.o)
 .ARM.attributes
                0x00000a29       0x34 c:/program files (x86)/atollic/truestudio for stm32 9.3.0/armtools/bin/../lib/gcc/arm-atollic-eabi/6.3.1/../../../../arm-atollic-eabi/lib/armv7e-m/fpu\libc_nano.a(lib_a-nano-msizer.o)
 .ARM.attributes
                0x00000a5d       0x22 c:/program files (x86)/atollic/truestudio for stm32 9.3.0/armtools/bin/../lib/gcc/arm-atollic-eabi/6.3.1/armv7e-m/fpu\libgcc.a(_aeabi_uldivmod.o)
 .ARM.attributes
                0x00000a7f       0x34 c:/program files (x86)/atollic/truestudio for stm32 9.3.0/armtools/bin/../lib/gcc/arm-atollic-eabi/6.3.1/armv7e-m/fpu\libgcc.a(_udivmoddi4.o)
 .ARM.attributes
                0x00000ab3       0x22 c:/program files (x86)/atollic/truestudio for stm32 9.3.0/armtools/bin/../lib/gcc/arm-atollic-eabi/6.3.1/armv7e-m/fpu\libgcc.a(_dvmd_tls.o)
 .ARM.attributes
                0x00000ad5       0x22 c:/program files (x86)/atollic/truestudio for stm32 9.3.0/armtools/bin/../lib/gcc/arm-atollic-eabi/6.3.1/armv7e-m/fpu/crtn.o
OUTPUT(disco_raw_dht11.elf elf32-littlearm)

.debug_info     0x00000000    0x244bf
 .debug_info    0x00000000      0xa14 Drivers\STM32F4xx_HAL_Driver\Src\stm32f4xx_hal.o
 .debug_info    0x00000a14      0xf8a Drivers\STM32F4xx_HAL_Driver\Src\stm32f4xx_hal_cortex.o
 .debug_info    0x0000199e      0x7c6 Drivers\STM32F4xx_HAL_Driver\Src\stm32f4xx_hal_gpio.o
 .debug_info    0x00002164     0x12c4 Drivers\STM32F4xx_HAL_Driver\Src\stm32f4xx_hal_hcd.o
 .debug_info    0x00003428     0x3412 Drivers\STM32F4xx_HAL_Driver\Src\stm32f4xx_hal_i2c.o
 .debug_info    0x0000683a      0xfb3 Drivers\STM32F4xx_HAL_Driver\Src\stm32f4xx_hal_i2s.o
 .debug_info    0x000077ed      0xddc Drivers\STM32F4xx_HAL_Driver\Src\stm32f4xx_hal_i2s_ex.o
 .debug_info    0x000085c9      0xaad Drivers\STM32F4xx_HAL_Driver\Src\stm32f4xx_hal_rcc.o
 .debug_info    0x00009076      0x6b4 Drivers\STM32F4xx_HAL_Driver\Src\stm32f4xx_hal_rcc_ex.o
 .debug_info    0x0000972a     0x1deb Drivers\STM32F4xx_HAL_Driver\Src\stm32f4xx_hal_spi.o
 .debug_info    0x0000b515     0x3521 Drivers\STM32F4xx_HAL_Driver\Src\stm32f4xx_hal_tim.o
 .debug_info    0x0000ea36     0x134f Drivers\STM32F4xx_HAL_Driver\Src\stm32f4xx_hal_tim_ex.o
 .debug_info    0x0000fd85     0x16b0 Drivers\STM32F4xx_HAL_Driver\Src\stm32f4xx_hal_uart.o
 .debug_info    0x00011435     0x1ba6 Drivers\STM32F4xx_HAL_Driver\Src\stm32f4xx_ll_usb.o
 .debug_info    0x00012fdb     0x1f23 Middlewares\ST\STM32_USB_Host_Library\Class\CDC\Src\usbh_cdc.o
 .debug_info    0x00014efe     0x1b5a Middlewares\ST\STM32_USB_Host_Library\Core\Src\usbh_core.o
 .debug_info    0x00016a58     0x1b1e Middlewares\ST\STM32_USB_Host_Library\Core\Src\usbh_ctlreq.o
 .debug_info    0x00018576     0x16e7 Middlewares\ST\STM32_USB_Host_Library\Core\Src\usbh_ioreq.o
 .debug_info    0x00019c5d     0x1349 Middlewares\ST\STM32_USB_Host_Library\Core\Src\usbh_pipes.o
 .debug_info    0x0001afa6     0x2060 Src\main.o
 .debug_info    0x0001d006     0x18af Src\stm32f4xx_hal_msp.o
 .debug_info    0x0001e8b5      0xb9d Src\stm32f4xx_it.o
 .debug_info    0x0001f452      0xfe1 Src\syscalls.o
 .debug_info    0x00020433      0x55b Src\system_stm32f4xx.o
 .debug_info    0x0002098e     0x12e9 Src\usb_host.o
 .debug_info    0x00021c77     0x2513 Src\usbh_conf.o
 .debug_info    0x0002418a      0x2a4 Src\usbh_platform.o
 .debug_info    0x0002442e       0x91 startup\startup_stm32f407xx.o

.debug_abbrev   0x00000000     0x4b0e
 .debug_abbrev  0x00000000      0x239 Drivers\STM32F4xx_HAL_Driver\Src\stm32f4xx_hal.o
 .debug_abbrev  0x00000239      0x314 Drivers\STM32F4xx_HAL_Driver\Src\stm32f4xx_hal_cortex.o
 .debug_abbrev  0x0000054d      0x1ef Drivers\STM32F4xx_HAL_Driver\Src\stm32f4xx_hal_gpio.o
 .debug_abbrev  0x0000073c      0x319 Drivers\STM32F4xx_HAL_Driver\Src\stm32f4xx_hal_hcd.o
 .debug_abbrev  0x00000a55      0x38a Drivers\STM32F4xx_HAL_Driver\Src\stm32f4xx_hal_i2c.o
 .debug_abbrev  0x00000ddf      0x2a0 Drivers\STM32F4xx_HAL_Driver\Src\stm32f4xx_hal_i2s.o
 .debug_abbrev  0x0000107f      0x301 Drivers\STM32F4xx_HAL_Driver\Src\stm32f4xx_hal_i2s_ex.o
 .debug_abbrev  0x00001380      0x2cb Drivers\STM32F4xx_HAL_Driver\Src\stm32f4xx_hal_rcc.o
 .debug_abbrev  0x0000164b      0x172 Drivers\STM32F4xx_HAL_Driver\Src\stm32f4xx_hal_rcc_ex.o
 .debug_abbrev  0x000017bd      0x335 Drivers\STM32F4xx_HAL_Driver\Src\stm32f4xx_hal_spi.o
 .debug_abbrev  0x00001af2      0x324 Drivers\STM32F4xx_HAL_Driver\Src\stm32f4xx_hal_tim.o
 .debug_abbrev  0x00001e16      0x29c Drivers\STM32F4xx_HAL_Driver\Src\stm32f4xx_hal_tim_ex.o
 .debug_abbrev  0x000020b2      0x313 Drivers\STM32F4xx_HAL_Driver\Src\stm32f4xx_hal_uart.o
 .debug_abbrev  0x000023c5      0x33b Drivers\STM32F4xx_HAL_Driver\Src\stm32f4xx_ll_usb.o
 .debug_abbrev  0x00002700      0x3ca Middlewares\ST\STM32_USB_Host_Library\Class\CDC\Src\usbh_cdc.o
 .debug_abbrev  0x00002aca      0x3f9 Middlewares\ST\STM32_USB_Host_Library\Core\Src\usbh_core.o
 .debug_abbrev  0x00002ec3      0x3cd Middlewares\ST\STM32_USB_Host_Library\Core\Src\usbh_ctlreq.o
 .debug_abbrev  0x00003290      0x280 Middlewares\ST\STM32_USB_Host_Library\Core\Src\usbh_ioreq.o
 .debug_abbrev  0x00003510      0x2d5 Middlewares\ST\STM32_USB_Host_Library\Core\Src\usbh_pipes.o
 .debug_abbrev  0x000037e5      0x32a Src\main.o
 .debug_abbrev  0x00003b0f      0x220 Src\stm32f4xx_hal_msp.o
 .debug_abbrev  0x00003d2f      0x1fc Src\stm32f4xx_it.o
 .debug_abbrev  0x00003f2b      0x2d9 Src\syscalls.o
 .debug_abbrev  0x00004204      0x126 Src\system_stm32f4xx.o
 .debug_abbrev  0x0000432a      0x2b4 Src\usb_host.o
 .debug_abbrev  0x000045de      0x3f2 Src\usbh_conf.o
 .debug_abbrev  0x000049d0      0x12c Src\usbh_platform.o
 .debug_abbrev  0x00004afc       0x12 startup\startup_stm32f407xx.o

.debug_loc      0x00000000    0x10946
 .debug_loc     0x00000000      0x12e Drivers\STM32F4xx_HAL_Driver\Src\stm32f4xx_hal.o
 .debug_loc     0x0000012e      0x4fb Drivers\STM32F4xx_HAL_Driver\Src\stm32f4xx_hal_cortex.o
 .debug_loc     0x00000629      0x357 Drivers\STM32F4xx_HAL_Driver\Src\stm32f4xx_hal_gpio.o
 .debug_loc     0x00000980      0x9c1 Drivers\STM32F4xx_HAL_Driver\Src\stm32f4xx_hal_hcd.o
 .debug_loc     0x00001341     0x3009 Drivers\STM32F4xx_HAL_Driver\Src\stm32f4xx_hal_i2c.o
 .debug_loc     0x0000434a      0x9bf Drivers\STM32F4xx_HAL_Driver\Src\stm32f4xx_hal_i2s.o
 .debug_loc     0x00004d09      0x745 Drivers\STM32F4xx_HAL_Driver\Src\stm32f4xx_hal_i2s_ex.o
 .debug_loc     0x0000544e      0x346 Drivers\STM32F4xx_HAL_Driver\Src\stm32f4xx_hal_rcc.o
 .debug_loc     0x00005794      0x2cf Drivers\STM32F4xx_HAL_Driver\Src\stm32f4xx_hal_rcc_ex.o
 .debug_loc     0x00005a63     0x1830 Drivers\STM32F4xx_HAL_Driver\Src\stm32f4xx_hal_spi.o
 .debug_loc     0x00007293     0x3009 Drivers\STM32F4xx_HAL_Driver\Src\stm32f4xx_hal_tim.o
 .debug_loc     0x0000a29c      0xa7c Drivers\STM32F4xx_HAL_Driver\Src\stm32f4xx_hal_tim_ex.o
 .debug_loc     0x0000ad18     0x1350 Drivers\STM32F4xx_HAL_Driver\Src\stm32f4xx_hal_uart.o
 .debug_loc     0x0000c068     0x1b55 Drivers\STM32F4xx_HAL_Driver\Src\stm32f4xx_ll_usb.o
 .debug_loc     0x0000dbbd      0x6dd Middlewares\ST\STM32_USB_Host_Library\Class\CDC\Src\usbh_cdc.o
 .debug_loc     0x0000e29a      0x79a Middlewares\ST\STM32_USB_Host_Library\Core\Src\usbh_core.o
 .debug_loc     0x0000ea34      0x888 Middlewares\ST\STM32_USB_Host_Library\Core\Src\usbh_ctlreq.o
 .debug_loc     0x0000f2bc      0x57d Middlewares\ST\STM32_USB_Host_Library\Core\Src\usbh_ioreq.o
 .debug_loc     0x0000f839      0x196 Middlewares\ST\STM32_USB_Host_Library\Core\Src\usbh_pipes.o
 .debug_loc     0x0000f9cf       0xdf Src\main.o
 .debug_loc     0x0000faae      0x1ad Src\stm32f4xx_hal_msp.o
 .debug_loc     0x0000fc5b      0x3ef Src\syscalls.o
 .debug_loc     0x0001004a      0x11c Src\system_stm32f4xx.o
 .debug_loc     0x00010166      0x794 Src\usbh_conf.o
 .debug_loc     0x000108fa       0x4c Src\usbh_platform.o

.debug_aranges  0x00000000     0x13b8
 .debug_aranges
                0x00000000       0xe8 Drivers\STM32F4xx_HAL_Driver\Src\stm32f4xx_hal.o
 .debug_aranges
                0x000000e8       0xa8 Drivers\STM32F4xx_HAL_Driver\Src\stm32f4xx_hal_cortex.o
 .debug_aranges
                0x00000190       0x58 Drivers\STM32F4xx_HAL_Driver\Src\stm32f4xx_hal_gpio.o
 .debug_aranges
                0x000001e8       0xa0 Drivers\STM32F4xx_HAL_Driver\Src\stm32f4xx_hal_hcd.o
 .debug_aranges
                0x00000288      0x1b8 Drivers\STM32F4xx_HAL_Driver\Src\stm32f4xx_hal_i2c.o
 .debug_aranges
                0x00000440       0xc8 Drivers\STM32F4xx_HAL_Driver\Src\stm32f4xx_hal_i2s.o
 .debug_aranges
                0x00000508       0x60 Drivers\STM32F4xx_HAL_Driver\Src\stm32f4xx_hal_i2s_ex.o
 .debug_aranges
                0x00000568       0x88 Drivers\STM32F4xx_HAL_Driver\Src\stm32f4xx_hal_rcc.o
 .debug_aranges
                0x000005f0       0x48 Drivers\STM32F4xx_HAL_Driver\Src\stm32f4xx_hal_rcc_ex.o
 .debug_aranges
                0x00000638      0x188 Drivers\STM32F4xx_HAL_Driver\Src\stm32f4xx_hal_spi.o
 .debug_aranges
                0x000007c0      0x278 Drivers\STM32F4xx_HAL_Driver\Src\stm32f4xx_hal_tim.o
 .debug_aranges
                0x00000a38       0xf8 Drivers\STM32F4xx_HAL_Driver\Src\stm32f4xx_hal_tim_ex.o
 .debug_aranges
                0x00000b30      0x170 Drivers\STM32F4xx_HAL_Driver\Src\stm32f4xx_hal_uart.o
 .debug_aranges
                0x00000ca0      0x198 Drivers\STM32F4xx_HAL_Driver\Src\stm32f4xx_ll_usb.o
 .debug_aranges
                0x00000e38       0x78 Middlewares\ST\STM32_USB_Host_Library\Class\CDC\Src\usbh_cdc.o
 .debug_aranges
                0x00000eb0       0xb0 Middlewares\ST\STM32_USB_Host_Library\Core\Src\usbh_core.o
 .debug_aranges
                0x00000f60       0x70 Middlewares\ST\STM32_USB_Host_Library\Core\Src\usbh_ctlreq.o
 .debug_aranges
                0x00000fd0       0x60 Middlewares\ST\STM32_USB_Host_Library\Core\Src\usbh_ioreq.o
 .debug_aranges
                0x00001030       0x38 Middlewares\ST\STM32_USB_Host_Library\Core\Src\usbh_pipes.o
 .debug_aranges
                0x00001068       0x60 Src\main.o
 .debug_aranges
                0x000010c8       0x70 Src\stm32f4xx_hal_msp.o
 .debug_aranges
                0x00001138       0x58 Src\stm32f4xx_it.o
 .debug_aranges
                0x00001190       0xb0 Src\syscalls.o
 .debug_aranges
                0x00001240       0x28 Src\system_stm32f4xx.o
 .debug_aranges
                0x00001268       0x30 Src\usb_host.o
 .debug_aranges
                0x00001298       0xd8 Src\usbh_conf.o
 .debug_aranges
                0x00001370       0x20 Src\usbh_platform.o
 .debug_aranges
                0x00001390       0x28 startup\startup_stm32f407xx.o

.debug_ranges   0x00000000     0x19e8
 .debug_ranges  0x00000000       0xd8 Drivers\STM32F4xx_HAL_Driver\Src\stm32f4xx_hal.o
 .debug_ranges  0x000000d8      0x128 Drivers\STM32F4xx_HAL_Driver\Src\stm32f4xx_hal_cortex.o
 .debug_ranges  0x00000200       0x68 Drivers\STM32F4xx_HAL_Driver\Src\stm32f4xx_hal_gpio.o
 .debug_ranges  0x00000268       0xf8 Drivers\STM32F4xx_HAL_Driver\Src\stm32f4xx_hal_hcd.o
 .debug_ranges  0x00000360      0x3c0 Drivers\STM32F4xx_HAL_Driver\Src\stm32f4xx_hal_i2c.o
 .debug_ranges  0x00000720       0xb8 Drivers\STM32F4xx_HAL_Driver\Src\stm32f4xx_hal_i2s.o
 .debug_ranges  0x000007d8       0x50 Drivers\STM32F4xx_HAL_Driver\Src\stm32f4xx_hal_i2s_ex.o
 .debug_ranges  0x00000828       0xb0 Drivers\STM32F4xx_HAL_Driver\Src\stm32f4xx_hal_rcc.o
 .debug_ranges  0x000008d8       0x50 Drivers\STM32F4xx_HAL_Driver\Src\stm32f4xx_hal_rcc_ex.o
 .debug_ranges  0x00000928      0x238 Drivers\STM32F4xx_HAL_Driver\Src\stm32f4xx_hal_spi.o
 .debug_ranges  0x00000b60      0x340 Drivers\STM32F4xx_HAL_Driver\Src\stm32f4xx_hal_tim.o
 .debug_ranges  0x00000ea0       0xe8 Drivers\STM32F4xx_HAL_Driver\Src\stm32f4xx_hal_tim_ex.o
 .debug_ranges  0x00000f88      0x178 Drivers\STM32F4xx_HAL_Driver\Src\stm32f4xx_hal_uart.o
 .debug_ranges  0x00001100      0x1a0 Drivers\STM32F4xx_HAL_Driver\Src\stm32f4xx_ll_usb.o
 .debug_ranges  0x000012a0       0xc8 Middlewares\ST\STM32_USB_Host_Library\Class\CDC\Src\usbh_cdc.o
 .debug_ranges  0x00001368       0xa0 Middlewares\ST\STM32_USB_Host_Library\Core\Src\usbh_core.o
 .debug_ranges  0x00001408      0x120 Middlewares\ST\STM32_USB_Host_Library\Core\Src\usbh_ctlreq.o
 .debug_ranges  0x00001528       0x50 Middlewares\ST\STM32_USB_Host_Library\Core\Src\usbh_ioreq.o
 .debug_ranges  0x00001578       0x48 Middlewares\ST\STM32_USB_Host_Library\Core\Src\usbh_pipes.o
 .debug_ranges  0x000015c0       0xf0 Src\main.o
 .debug_ranges  0x000016b0       0xf0 Src\stm32f4xx_hal_msp.o
 .debug_ranges  0x000017a0       0x48 Src\stm32f4xx_it.o
 .debug_ranges  0x000017e8       0xa0 Src\syscalls.o
 .debug_ranges  0x00001888       0x18 Src\system_stm32f4xx.o
 .debug_ranges  0x000018a0       0x20 Src\usb_host.o
 .debug_ranges  0x000018c0       0xf8 Src\usbh_conf.o
 .debug_ranges  0x000019b8       0x10 Src\usbh_platform.o
 .debug_ranges  0x000019c8       0x20 startup\startup_stm32f407xx.o

.debug_line     0x00000000     0xb214
 .debug_line    0x00000000      0x420 Drivers\STM32F4xx_HAL_Driver\Src\stm32f4xx_hal.o
 .debug_line    0x00000420      0x469 Drivers\STM32F4xx_HAL_Driver\Src\stm32f4xx_hal_cortex.o
 .debug_line    0x00000889      0x3f2 Drivers\STM32F4xx_HAL_Driver\Src\stm32f4xx_hal_gpio.o
 .debug_line    0x00000c7b      0x5ec Drivers\STM32F4xx_HAL_Driver\Src\stm32f4xx_hal_hcd.o
 .debug_line    0x00001267     0x1c1b Drivers\STM32F4xx_HAL_Driver\Src\stm32f4xx_hal_i2c.o
 .debug_line    0x00002e82      0x6a8 Drivers\STM32F4xx_HAL_Driver\Src\stm32f4xx_hal_i2s.o
 .debug_line    0x0000352a      0x57f Drivers\STM32F4xx_HAL_Driver\Src\stm32f4xx_hal_i2s_ex.o
 .debug_line    0x00003aa9      0x51a Drivers\STM32F4xx_HAL_Driver\Src\stm32f4xx_hal_rcc.o
 .debug_line    0x00003fc3      0x397 Drivers\STM32F4xx_HAL_Driver\Src\stm32f4xx_hal_rcc_ex.o
 .debug_line    0x0000435a      0xb7e Drivers\STM32F4xx_HAL_Driver\Src\stm32f4xx_hal_spi.o
 .debug_line    0x00004ed8     0x1197 Drivers\STM32F4xx_HAL_Driver\Src\stm32f4xx_hal_tim.o
 .debug_line    0x0000606f      0x6b4 Drivers\STM32F4xx_HAL_Driver\Src\stm32f4xx_hal_tim_ex.o
 .debug_line    0x00006723      0xb95 Drivers\STM32F4xx_HAL_Driver\Src\stm32f4xx_hal_uart.o
 .debug_line    0x000072b8      0x947 Drivers\STM32F4xx_HAL_Driver\Src\stm32f4xx_ll_usb.o
 .debug_line    0x00007bff      0x5c3 Middlewares\ST\STM32_USB_Host_Library\Class\CDC\Src\usbh_cdc.o
 .debug_line    0x000081c2      0x5ca Middlewares\ST\STM32_USB_Host_Library\Core\Src\usbh_core.o
 .debug_line    0x0000878c      0x559 Middlewares\ST\STM32_USB_Host_Library\Core\Src\usbh_ctlreq.o
 .debug_line    0x00008ce5      0x40f Middlewares\ST\STM32_USB_Host_Library\Core\Src\usbh_ioreq.o
 .debug_line    0x000090f4      0x39e Middlewares\ST\STM32_USB_Host_Library\Core\Src\usbh_pipes.o
 .debug_line    0x00009492      0x540 Src\main.o
 .debug_line    0x000099d2      0x3d5 Src\stm32f4xx_hal_msp.o
 .debug_line    0x00009da7      0x2c2 Src\stm32f4xx_it.o
 .debug_line    0x0000a069      0x3bb Src\syscalls.o
 .debug_line    0x0000a424      0x20d Src\system_stm32f4xx.o
 .debug_line    0x0000a631      0x3ba Src\usb_host.o
 .debug_line    0x0000a9eb      0x5b2 Src\usbh_conf.o
 .debug_line    0x0000af9d      0x1f8 Src\usbh_platform.o
 .debug_line    0x0000b195       0x7f startup\startup_stm32f407xx.o

.debug_str      0x00000000     0x7769
 .debug_str     0x00000000      0xb6d Drivers\STM32F4xx_HAL_Driver\Src\stm32f4xx_hal.o
                                0xbdb (size before relaxing)
 .debug_str     0x00000b6d      0x4a1 Drivers\STM32F4xx_HAL_Driver\Src\stm32f4xx_hal_cortex.o
                                0xd1a (size before relaxing)
 .debug_str     0x0000100e      0x1d8 Drivers\STM32F4xx_HAL_Driver\Src\stm32f4xx_hal_gpio.o
                                0x5e0 (size before relaxing)
 .debug_str     0x000011e6      0x884 Drivers\STM32F4xx_HAL_Driver\Src\stm32f4xx_hal_hcd.o
                                0xbdc (size before relaxing)
 .debug_str     0x00001a6a      0xd1c Drivers\STM32F4xx_HAL_Driver\Src\stm32f4xx_hal_i2c.o
                               0x1115 (size before relaxing)
 .debug_str     0x00002786      0x442 Drivers\STM32F4xx_HAL_Driver\Src\stm32f4xx_hal_i2s.o
                                0xa42 (size before relaxing)
 .debug_str     0x00002bc8      0x1f1 Drivers\STM32F4xx_HAL_Driver\Src\stm32f4xx_hal_i2s_ex.o
                                0x983 (size before relaxing)
 .debug_str     0x00002db9      0x2d4 Drivers\STM32F4xx_HAL_Driver\Src\stm32f4xx_hal_rcc.o
                                0x7be (size before relaxing)
 .debug_str     0x0000308d      0x15e Drivers\STM32F4xx_HAL_Driver\Src\stm32f4xx_hal_rcc_ex.o
                                0x5ac (size before relaxing)
 .debug_str     0x000031eb      0x649 Drivers\STM32F4xx_HAL_Driver\Src\stm32f4xx_hal_spi.o
                                0xcc9 (size before relaxing)
 .debug_str     0x00003834      0xfe6 Drivers\STM32F4xx_HAL_Driver\Src\stm32f4xx_hal_tim.o
                               0x15bd (size before relaxing)
 .debug_str     0x0000481a      0x548 Drivers\STM32F4xx_HAL_Driver\Src\stm32f4xx_hal_tim_ex.o
                                0xdd5 (size before relaxing)
 .debug_str     0x00004d62      0x67c Drivers\STM32F4xx_HAL_Driver\Src\stm32f4xx_hal_uart.o
                                0xd21 (size before relaxing)
 .debug_str     0x000053de      0x502 Drivers\STM32F4xx_HAL_Driver\Src\stm32f4xx_ll_usb.o
                                0xd3c (size before relaxing)
 .debug_str     0x000058e0     0x124a Middlewares\ST\STM32_USB_Host_Library\Class\CDC\Src\usbh_cdc.o
                               0x164a (size before relaxing)
 .debug_str     0x00006b2a      0x2ac Middlewares\ST\STM32_USB_Host_Library\Core\Src\usbh_core.o
                               0x11dc (size before relaxing)
 .debug_str     0x00006dd6      0x1db Middlewares\ST\STM32_USB_Host_Library\Core\Src\usbh_ctlreq.o
                               0x11ba (size before relaxing)
 .debug_str     0x00006fb1       0xb2 Middlewares\ST\STM32_USB_Host_Library\Core\Src\usbh_ioreq.o
                                0xfef (size before relaxing)
 .debug_str     0x00007063       0x80 Middlewares\ST\STM32_USB_Host_Library\Core\Src\usbh_pipes.o
                                0xf85 (size before relaxing)
 .debug_str     0x000070e3      0x1af Src\main.o
                               0x14c8 (size before relaxing)
 .debug_str     0x00007292       0x25 Src\stm32f4xx_hal_msp.o
                               0x15af (size before relaxing)
 .debug_str     0x000072b7       0xd8 Src\stm32f4xx_it.o
                                0xb88 (size before relaxing)
 .debug_str     0x0000738f      0x24c Src\syscalls.o
                                0x893 (size before relaxing)
 .debug_str     0x000075db       0x45 Src\system_stm32f4xx.o
                                0x444 (size before relaxing)
 .debug_str     0x00007620       0x99 Src\usb_host.o
                                0xfb3 (size before relaxing)
 .debug_str     0x000076b9       0x99 Src\usbh_conf.o
                               0x1e39 (size before relaxing)
 .debug_str     0x00007752       0x17 Src\usbh_platform.o
                                0x352 (size before relaxing)

.comment        0x00000000       0x7c
 .comment       0x00000000       0x7c Drivers\STM32F4xx_HAL_Driver\Src\stm32f4xx_hal.o
                                 0x7d (size before relaxing)
 .comment       0x0000007c       0x7d Drivers\STM32F4xx_HAL_Driver\Src\stm32f4xx_hal_cortex.o
 .comment       0x0000007c       0x7d Drivers\STM32F4xx_HAL_Driver\Src\stm32f4xx_hal_gpio.o
 .comment       0x0000007c       0x7d Drivers\STM32F4xx_HAL_Driver\Src\stm32f4xx_hal_hcd.o
 .comment       0x0000007c       0x7d Drivers\STM32F4xx_HAL_Driver\Src\stm32f4xx_hal_i2c.o
 .comment       0x0000007c       0x7d Drivers\STM32F4xx_HAL_Driver\Src\stm32f4xx_hal_i2s.o
 .comment       0x0000007c       0x7d Drivers\STM32F4xx_HAL_Driver\Src\stm32f4xx_hal_i2s_ex.o
 .comment       0x0000007c       0x7d Drivers\STM32F4xx_HAL_Driver\Src\stm32f4xx_hal_rcc.o
 .comment       0x0000007c       0x7d Drivers\STM32F4xx_HAL_Driver\Src\stm32f4xx_hal_rcc_ex.o
 .comment       0x0000007c       0x7d Drivers\STM32F4xx_HAL_Driver\Src\stm32f4xx_hal_spi.o
 .comment       0x0000007c       0x7d Drivers\STM32F4xx_HAL_Driver\Src\stm32f4xx_hal_tim.o
 .comment       0x0000007c       0x7d Drivers\STM32F4xx_HAL_Driver\Src\stm32f4xx_hal_tim_ex.o
 .comment       0x0000007c       0x7d Drivers\STM32F4xx_HAL_Driver\Src\stm32f4xx_hal_uart.o
 .comment       0x0000007c       0x7d Drivers\STM32F4xx_HAL_Driver\Src\stm32f4xx_ll_usb.o
 .comment       0x0000007c       0x7d Middlewares\ST\STM32_USB_Host_Library\Class\CDC\Src\usbh_cdc.o
 .comment       0x0000007c       0x7d Middlewares\ST\STM32_USB_Host_Library\Core\Src\usbh_core.o
 .comment       0x0000007c       0x7d Middlewares\ST\STM32_USB_Host_Library\Core\Src\usbh_ctlreq.o
 .comment       0x0000007c       0x7d Middlewares\ST\STM32_USB_Host_Library\Core\Src\usbh_ioreq.o
 .comment       0x0000007c       0x7d Middlewares\ST\STM32_USB_Host_Library\Core\Src\usbh_pipes.o
 .comment       0x0000007c       0x7d Src\main.o
 .comment       0x0000007c       0x7d Src\stm32f4xx_hal_msp.o
 .comment       0x0000007c       0x7d Src\stm32f4xx_it.o
 .comment       0x0000007c       0x7d Src\syscalls.o
 .comment       0x0000007c       0x7d Src\system_stm32f4xx.o
 .comment       0x0000007c       0x7d Src\usb_host.o
 .comment       0x0000007c       0x7d Src\usbh_conf.o
 .comment       0x0000007c       0x7d Src\usbh_platform.o

.debug_frame    0x00000000     0x3f04
 .debug_frame   0x00000000      0x1f4 Drivers\STM32F4xx_HAL_Driver\Src\stm32f4xx_hal.o
 .debug_frame   0x000001f4      0x158 Drivers\STM32F4xx_HAL_Driver\Src\stm32f4xx_hal_cortex.o
 .debug_frame   0x0000034c       0xd8 Drivers\STM32F4xx_HAL_Driver\Src\stm32f4xx_hal_gpio.o
 .debug_frame   0x00000424      0x218 Drivers\STM32F4xx_HAL_Driver\Src\stm32f4xx_hal_hcd.o
 .debug_frame   0x0000063c      0x710 Drivers\STM32F4xx_HAL_Driver\Src\stm32f4xx_hal_i2c.o
 .debug_frame   0x00000d4c      0x288 Drivers\STM32F4xx_HAL_Driver\Src\stm32f4xx_hal_i2s.o
 .debug_frame   0x00000fd4      0x130 Drivers\STM32F4xx_HAL_Driver\Src\stm32f4xx_hal_i2s_ex.o
 .debug_frame   0x00001104      0x13c Drivers\STM32F4xx_HAL_Driver\Src\stm32f4xx_hal_rcc.o
 .debug_frame   0x00001240       0xac Drivers\STM32F4xx_HAL_Driver\Src\stm32f4xx_hal_rcc_ex.o
 .debug_frame   0x000012ec      0x574 Drivers\STM32F4xx_HAL_Driver\Src\stm32f4xx_hal_spi.o
 .debug_frame   0x00001860      0x928 Drivers\STM32F4xx_HAL_Driver\Src\stm32f4xx_hal_tim.o
 .debug_frame   0x00002188      0x360 Drivers\STM32F4xx_HAL_Driver\Src\stm32f4xx_hal_tim_ex.o
 .debug_frame   0x000024e8      0x4a0 Drivers\STM32F4xx_HAL_Driver\Src\stm32f4xx_hal_uart.o
 .debug_frame   0x00002988      0x45c Drivers\STM32F4xx_HAL_Driver\Src\stm32f4xx_ll_usb.o
 .debug_frame   0x00002de4      0x148 Middlewares\ST\STM32_USB_Host_Library\Class\CDC\Src\usbh_cdc.o
 .debug_frame   0x00002f2c      0x19c Middlewares\ST\STM32_USB_Host_Library\Core\Src\usbh_core.o
 .debug_frame   0x000030c8      0x118 Middlewares\ST\STM32_USB_Host_Library\Core\Src\usbh_ctlreq.o
 .debug_frame   0x000031e0      0x130 Middlewares\ST\STM32_USB_Host_Library\Core\Src\usbh_ioreq.o
 .debug_frame   0x00003310       0x70 Middlewares\ST\STM32_USB_Host_Library\Core\Src\usbh_pipes.o
 .debug_frame   0x00003380      0x104 Src\main.o
 .debug_frame   0x00003484      0x124 Src\stm32f4xx_hal_msp.o
 .debug_frame   0x000035a8       0xc0 Src\stm32f4xx_it.o
 .debug_frame   0x00003668      0x1a8 Src\syscalls.o
 .debug_frame   0x00003810       0x38 Src\system_stm32f4xx.o
 .debug_frame   0x00003848       0x50 Src\usb_host.o
 .debug_frame   0x00003898      0x208 Src\usbh_conf.o
 .debug_frame   0x00003aa0       0x20 Src\usbh_platform.o
 .debug_frame   0x00003ac0       0x20 c:/program files (x86)/atollic/truestudio for stm32 9.3.0/armtools/bin/../lib/gcc/arm-atollic-eabi/6.3.1/../../../../arm-atollic-eabi/lib/armv7e-m/fpu\libc_nano.a(lib_a-errno.o)
 .debug_frame   0x00003ae0       0x2c c:/program files (x86)/atollic/truestudio for stm32 9.3.0/armtools/bin/../lib/gcc/arm-atollic-eabi/6.3.1/../../../../arm-atollic-eabi/lib/armv7e-m/fpu\libc_nano.a(lib_a-init.o)
 .debug_frame   0x00003b0c       0x30 c:/program files (x86)/atollic/truestudio for stm32 9.3.0/armtools/bin/../lib/gcc/arm-atollic-eabi/6.3.1/../../../../arm-atollic-eabi/lib/armv7e-m/fpu\libc_nano.a(lib_a-malloc.o)
 .debug_frame   0x00003b3c       0x20 c:/program files (x86)/atollic/truestudio for stm32 9.3.0/armtools/bin/../lib/gcc/arm-atollic-eabi/6.3.1/../../../../arm-atollic-eabi/lib/armv7e-m/fpu\libc_nano.a(lib_a-memset.o)
 .debug_frame   0x00003b5c       0x38 c:/program files (x86)/atollic/truestudio for stm32 9.3.0/armtools/bin/../lib/gcc/arm-atollic-eabi/6.3.1/../../../../arm-atollic-eabi/lib/armv7e-m/fpu\libc_nano.a(lib_a-nano-freer.o)
 .debug_frame   0x00003b94       0x2c c:/program files (x86)/atollic/truestudio for stm32 9.3.0/armtools/bin/../lib/gcc/arm-atollic-eabi/6.3.1/../../../../arm-atollic-eabi/lib/armv7e-m/fpu\libc_nano.a(lib_a-nano-mallocr.o)
 .debug_frame   0x00003bc0       0x2c c:/program files (x86)/atollic/truestudio for stm32 9.3.0/armtools/bin/../lib/gcc/arm-atollic-eabi/6.3.1/../../../../arm-atollic-eabi/lib/armv7e-m/fpu\libc_nano.a(lib_a-sbrkr.o)
 .debug_frame   0x00003bec       0x70 c:/program files (x86)/atollic/truestudio for stm32 9.3.0/armtools/bin/../lib/gcc/arm-atollic-eabi/6.3.1/../../../../arm-atollic-eabi/lib/armv7e-m/fpu\libc_nano.a(lib_a-sprintf.o)
 .debug_frame   0x00003c5c       0x20 c:/program files (x86)/atollic/truestudio for stm32 9.3.0/armtools/bin/../lib/gcc/arm-atollic-eabi/6.3.1/../../../../arm-atollic-eabi/lib/armv7e-m/fpu\libc_nano.a(lib_a-strcpy.o)
 .debug_frame   0x00003c7c       0x30 c:/program files (x86)/atollic/truestudio for stm32 9.3.0/armtools/bin/../lib/gcc/arm-atollic-eabi/6.3.1/../../../../arm-atollic-eabi/lib/armv7e-m/fpu\libc_nano.a(lib_a-mlock.o)
 .debug_frame   0x00003cac       0x90 c:/program files (x86)/atollic/truestudio for stm32 9.3.0/armtools/bin/../lib/gcc/arm-atollic-eabi/6.3.1/../../../../arm-atollic-eabi/lib/armv7e-m/fpu\libc_nano.a(lib_a-nano-svfprintf.o)
 .debug_frame   0x00003d3c       0x60 c:/program files (x86)/atollic/truestudio for stm32 9.3.0/armtools/bin/../lib/gcc/arm-atollic-eabi/6.3.1/../../../../arm-atollic-eabi/lib/armv7e-m/fpu\libc_nano.a(lib_a-nano-vfprintf_i.o)
 .debug_frame   0x00003d9c       0x5c c:/program files (x86)/atollic/truestudio for stm32 9.3.0/armtools/bin/../lib/gcc/arm-atollic-eabi/6.3.1/../../../../arm-atollic-eabi/lib/armv7e-m/fpu\libc_nano.a(lib_a-reent.o)
 .debug_frame   0x00003df8       0x28 c:/program files (x86)/atollic/truestudio for stm32 9.3.0/armtools/bin/../lib/gcc/arm-atollic-eabi/6.3.1/../../../../arm-atollic-eabi/lib/armv7e-m/fpu\libc_nano.a(lib_a-memcpy-stub.o)
 .debug_frame   0x00003e20       0x28 c:/program files (x86)/atollic/truestudio for stm32 9.3.0/armtools/bin/../lib/gcc/arm-atollic-eabi/6.3.1/../../../../arm-atollic-eabi/lib/armv7e-m/fpu\libc_nano.a(lib_a-memmove.o)
 .debug_frame   0x00003e48       0x3c c:/program files (x86)/atollic/truestudio for stm32 9.3.0/armtools/bin/../lib/gcc/arm-atollic-eabi/6.3.1/../../../../arm-atollic-eabi/lib/armv7e-m/fpu\libc_nano.a(lib_a-nano-reallocr.o)
 .debug_frame   0x00003e84       0x20 c:/program files (x86)/atollic/truestudio for stm32 9.3.0/armtools/bin/../lib/gcc/arm-atollic-eabi/6.3.1/../../../../arm-atollic-eabi/lib/armv7e-m/fpu\libc_nano.a(lib_a-nano-msizer.o)
 .debug_frame   0x00003ea4       0x2c c:/program files (x86)/atollic/truestudio for stm32 9.3.0/armtools/bin/../lib/gcc/arm-atollic-eabi/6.3.1/armv7e-m/fpu\libgcc.a(_aeabi_uldivmod.o)
 .debug_frame   0x00003ed0       0x34 c:/program files (x86)/atollic/truestudio for stm32 9.3.0/armtools/bin/../lib/gcc/arm-atollic-eabi/6.3.1/armv7e-m/fpu\libgcc.a(_udivmoddi4.o)
